2026-08-20 12:59:55,120 - INFO - [load_data:72] - 設定ファイルと各種データを読み込んでいます...
2026-08-20 12:59:55,120 - WARNING - [load_data:76] - JSONファイルが未指定、または見つかりません。デフォルト設定で進行します。
2026-08-20 12:59:55,512 - WARNING - [get_col_index:52] - 列 '注文番号' が見つからないため、固定位置 3 列目を使用します。
2026-08-20 12:59:55,512 - INFO - [get_col_index:49] - 列 '足し算' を自動検出しました。（15 列目）
2026-08-20 12:59:55,512 - INFO - [load_data:94] - データ読み込み完了: 73行
2026-08-20 12:59:55,512 - INFO - [stage1_remove_exclude:97] - Stage 1: 更新除外データの削除を実行します。
2026-08-20 13:45:46,730 - INFO - [stage1_remove_exclude:97] - Stage 1: 更新除外データの削除を実行します。
2026-08-20 13:45:47,060 - WARNING - [stage1_remove_exclude:107] - 指定されたファイルに「更新除外」シートが見つかりません。先頭のシートを使用して除外処理を試みます。
2026-08-20 13:45:47,111 - WARNING - [get_col_index:52] - 列 '品目cd' が見つからないため、固定位置 1 列目を使用します。
2026-08-20 13:45:47,112 - WARNING - [get_col_index:52] - 列 '注文番号' が見つからないため、固定位置 3 列目を使用します。
2026-08-20 13:45:54,892 - INFO - [load_data:72] - 設定ファイルと各種データを読み込んでいます...
2026-08-20 13:45:54,892 - WARNING - [load_data:76] - JSONファイルが未指定、または見つかりません。デフォルト設定で進行します。
2026-08-20 13:45:55,241 - WARNING - [get_col_index:52] - 列 '注文番号' が見つからないため、固定位置 3 列目を使用します。
2026-08-20 13:45:55,257 - INFO - [get_col_index:49] - 列 '足し算' を自動検出しました。（15 列目）
2026-08-20 13:45:55,257 - INFO - [load_data:94] - データ読み込み完了: 73行
2026-08-20 13:45:55,257 - INFO - [stage1_remove_exclude:97] - Stage 1: 更新除外データの削除を実行します。
2026-08-20 13:45:55,286 - WARNING - [stage1_remove_exclude:107] - 指定されたファイルに「更新除外」シートが見つかりません。先頭のシートを使用して除外処理を試みます。
2026-08-20 13:45:55,342 - WARNING - [get_col_index:52] - 列 '品目cd' が見つからないため、固定位置 1 列目を使用します。
2026-08-20 13:45:55,342 - WARNING - [get_col_index:52] - 列 '注文番号' が見つからないため、固定位置 3 列目を使用します。
2026-08-20 13:45:55,347 - WARNING - [get_col_index:52] - 列 '品目cd' が見つからないため、固定位置 2 列目を使用します。
2026-08-20 13:45:55,351 - INFO - [stage1_remove_exclude:129] - 更新除外データを削除しました。(73 -> 73)
2026-08-20 13:45:55,517 - INFO - [save_temp:284] - [stage1] 中間データを保存しました: C:\Users\フォーレスト026\MyProject\UploadDataCreate\output\temp_stage1.xlsx
2026-08-20 14:20:57,211 - INFO - [load_data:80] - 設定ファイルと各種データを読み込んでいます...
2026-08-20 14:20:57,211 - WARNING - [load_data:84] - JSONファイルが未指定、または見つかりません。デフォルト設定で進行します。
2026-08-20 14:20:57,559 - INFO - [get_col_index:57] - 列 '注文番号' の代わりに '注文番号(em310)' を検出しました。（3 列目）
2026-08-20 14:20:57,559 - INFO - [get_col_index:52] - 列 '足し算' を自動検出しました。（15 列目）
2026-08-20 14:20:57,559 - INFO - [load_data:102] - データ読み込み完了: 73行
2026-08-20 14:20:57,559 - INFO - [stage1_remove_exclude:105] - Stage 1: 更新除外データの削除を実行します。
2026-08-20 14:20:57,600 - WARNING - [stage1_remove_exclude:115] - 指定されたファイルに「更新除外」シートが見つかりません。先頭のシートを使用して除外処理を試みます。
2026-08-20 14:20:57,644 - INFO - [get_col_index:57] - 列 '品目cd' の代わりに '品目cd(em310)' を検出しました。（2 列目）
2026-08-20 14:20:57,644 - INFO - [get_col_index:57] - 列 '注文番号' の代わりに '注文番号(em310)' を検出しました。（3 列目）
2026-08-20 14:20:57,644 - INFO - [get_col_index:57] - 列 '品目cd' の代わりに '品目cd(em310)' を検出しました。（2 列目）
2026-08-20 14:20:57,659 - INFO - [stage1_remove_exclude:137] - 更新除外データを削除しました。(73 -> 0)
2026-08-20 14:20:57,747 - INFO - [save_temp:294] - [stage1] 中間データを保存しました: C:\Users\フォーレスト026\MyProject\output\temp_stage1.xlsx
2026-08-20 14:20:57,747 - INFO - [stage2_remove_stock_order:141] - Stage 2: 取り寄せ品の除外を実行します。
2026-08-20 14:20:57,752 - WARNING - [stage2_remove_stock_order:143] - Stage 2用の取り寄せ品ファイルが指定されていないため、スキップします。
2026-08-20 14:20:57,786 - INFO - [save_temp:294] - [stage2] 中間データを保存しました: C:\Users\フォーレスト026\MyProject\output\temp_stage2.xlsx
2026-08-20 14:20:57,786 - INFO - [stage3_remove_medicine:172] - Stage 3: 医薬品の除外を実行します。
2026-08-20 14:20:57,787 - INFO - [get_col_index:57] - 列 '品目大分類cd' の代わりに '品目大分類cd(em160)' を検出しました。（22 列目）
2026-08-20 14:20:57,788 - INFO - [stage3_remove_medicine:178] - 医薬品を除外しました。(0 -> 0)
2026-08-20 14:20:57,826 - INFO - [save_temp:294] - [stage3] 中間データを保存しました: C:\Users\フォーレスト026\MyProject\output\temp_stage3.xlsx
2026-08-20 14:20:57,827 - INFO - [stage4_remove_specific_string:182] - Stage 4: 特定文字列の削除を実行します。
2026-08-20 14:20:57,867 - INFO - [save_temp:294] - [stage4] 中間データを保存しました: C:\Users\フォーレスト026\MyProject\output\temp_stage4.xlsx
2026-08-20 14:20:57,867 - INFO - [stage5_add_free_shipping:189] - Stage 5: 送料無料の付与を実行します。
2026-08-20 14:20:57,867 - WARNING - [stage5_add_free_shipping:191] - Stage 5用の売価変更ファイルが指定されていないため、スキップします。
2026-08-20 14:20:57,902 - INFO - [save_temp:294] - [stage5] 中間データを保存しました: C:\Users\フォーレスト026\MyProject\output\temp_stage5.xlsx
2026-08-20 14:37:06,054 - INFO - [load_data:80] - 設定ファイルと各種データを読み込んでいます...
2026-08-20 14:37:06,392 - INFO - [get_col_index:57] - 列 '注文番号' の代わりに '注文番号(em310)' を検出しました。（3 列目）
2026-08-20 14:37:06,394 - INFO - [get_col_index:52] - 列 '足し算' を自動検出しました。（15 列目）
2026-08-20 14:37:06,394 - INFO - [load_data:102] - データ読み込み完了: 73行
2026-08-20 14:37:07,465 - INFO - [stage1_remove_exclude:105] - Stage 1: 更新除外データの削除を実行します。
2026-08-20 14:37:07,481 - WARNING - [stage1_remove_exclude:115] - 指定されたファイルに「更新除外」シートが見つかりません。先頭のシートを使用して除外処理を試みます。
2026-08-20 14:37:07,493 - WARNING - [get_col_index:60] - 列 '品目cd' が見つからないため、固定位置 1 列目を使用します。
2026-08-20 14:37:07,493 - INFO - [get_col_index:57] - 列 '注文番号' の代わりに '注文番号(em310)' を検出しました。（0 列目）
2026-08-20 14:37:07,493 - INFO - [get_col_index:57] - 列 '品目cd' の代わりに '品目cd(em310)' を検出しました。（2 列目）
2026-08-20 14:37:07,497 - INFO - [stage1_remove_exclude:137] - 更新除外データを削除しました。(73 -> 73)
2026-08-20 14:37:12,605 - INFO - [stage1_remove_exclude:105] - Stage 1: 更新除外データの削除を実行します。
2026-08-20 14:37:12,624 - WARNING - [stage1_remove_exclude:115] - 指定されたファイルに「更新除外」シートが見つかりません。先頭のシートを使用して除外処理を試みます。
2026-08-20 14:37:12,632 - WARNING - [get_col_index:60] - 列 '品目cd' が見つからないため、固定位置 1 列目を使用します。
2026-08-20 14:37:12,634 - INFO - [get_col_index:57] - 列 '注文番号' の代わりに '注文番号(em310)' を検出しました。（0 列目）
2026-08-20 14:37:12,634 - INFO - [get_col_index:57] - 列 '品目cd' の代わりに '品目cd(em310)' を検出しました。（2 列目）
2026-08-20 14:37:12,638 - INFO - [stage1_remove_exclude:137] - 更新除外データを削除しました。(73 -> 73)
2026-08-20 14:37:13,909 - INFO - [stage1_remove_exclude:105] - Stage 1: 更新除外データの削除を実行します。
2026-08-20 14:37:13,919 - WARNING - [stage1_remove_exclude:115] - 指定されたファイルに「更新除外」シートが見つかりません。先頭のシートを使用して除外処理を試みます。
2026-08-20 14:37:13,933 - WARNING - [get_col_index:60] - 列 '品目cd' が見つからないため、固定位置 1 列目を使用します。
2026-08-20 14:37:13,933 - INFO - [get_col_index:57] - 列 '注文番号' の代わりに '注文番号(em310)' を検出しました。（0 列目）
2026-08-20 14:37:13,933 - INFO - [get_col_index:57] - 列 '品目cd' の代わりに '品目cd(em310)' を検出しました。（2 列目）
2026-08-20 14:37:13,935 - INFO - [stage1_remove_exclude:137] - 更新除外データを削除しました。(73 -> 73)
2026-08-20 14:37:26,799 - INFO - [stage1_remove_exclude:105] - Stage 1: 更新除外データの削除を実行します。
2026-08-20 14:37:26,809 - WARNING - [stage1_remove_exclude:115] - 指定されたファイルに「更新除外」シートが見つかりません。先頭のシートを使用して除外処理を試みます。
2026-08-20 14:37:26,818 - WARNING - [get_col_index:60] - 列 '品目cd' が見つからないため、固定位置 1 列目を使用します。
2026-08-20 14:37:26,818 - INFO - [get_col_index:57] - 列 '注文番号' の代わりに '注文番号(em310)' を検出しました。（0 列目）
2026-08-20 14:37:26,818 - INFO - [get_col_index:57] - 列 '品目cd' の代わりに '品目cd(em310)' を検出しました。（2 列目）
2026-08-20 14:37:26,826 - INFO - [stage1_remove_exclude:137] - 更新除外データを削除しました。(73 -> 73)
2026-08-20 14:37:28,572 - INFO - [stage1_remove_exclude:105] - Stage 1: 更新除外データの削除を実行します。
2026-08-20 14:37:28,587 - WARNING - [stage1_remove_exclude:115] - 指定されたファイルに「更新除外」シートが見つかりません。先頭のシートを使用して除外処理を試みます。
2026-08-20 14:37:28,595 - WARNING - [get_col_index:60] - 列 '品目cd' が見つからないため、固定位置 1 列目を使用します。
2026-08-20 14:37:28,595 - INFO - [get_col_index:57] - 列 '注文番号' の代わりに '注文番号(em310)' を検出しました。（0 列目）
2026-08-20 14:37:28,595 - INFO - [get_col_index:57] - 列 '品目cd' の代わりに '品目cd(em310)' を検出しました。（2 列目）
2026-08-20 14:37:28,606 - INFO - [stage1_remove_exclude:137] - 更新除外データを削除しました。(73 -> 73)
2026-08-20 14:37:29,257 - INFO - [stage1_remove_exclude:105] - Stage 1: 更新除外データの削除を実行します。
2026-08-20 14:37:29,257 - WARNING - [stage1_remove_exclude:115] - 指定されたファイルに「更新除外」シートが見つかりません。先頭のシートを使用して除外処理を試みます。
2026-08-20 14:37:29,283 - WARNING - [get_col_index:60] - 列 '品目cd' が見つからないため、固定位置 1 列目を使用します。
2026-08-20 14:37:29,283 - INFO - [get_col_index:57] - 列 '注文番号' の代わりに '注文番号(em310)' を検出しました。（0 列目）
2026-08-20 14:37:29,283 - INFO - [get_col_index:57] - 列 '品目cd' の代わりに '品目cd(em310)' を検出しました。（2 列目）
2026-08-20 14:37:29,286 - INFO - [stage1_remove_exclude:137] - 更新除外データを削除しました。(73 -> 73)
2026-08-20 14:37:35,676 - INFO - [stage1_remove_exclude:105] - Stage 1: 更新除外データの削除を実行します。
2026-08-20 14:37:35,685 - WARNING - [stage1_remove_exclude:115] - 指定されたファイルに「更新除外」シートが見つかりません。先頭のシートを使用して除外処理を試みます。
2026-08-20 14:37:35,697 - WARNING - [get_col_index:60] - 列 '品目cd' が見つからないため、固定位置 1 列目を使用します。
2026-08-20 14:37:35,698 - INFO - [get_col_index:57] - 列 '注文番号' の代わりに '注文番号(em310)' を検出しました。（0 列目）
2026-08-20 14:37:35,698 - INFO - [get_col_index:57] - 列 '品目cd' の代わりに '品目cd(em310)' を検出しました。（2 列目）
2026-08-20 14:37:35,702 - INFO - [stage1_remove_exclude:137] - 更新除外データを削除しました。(73 -> 73)
2026-08-20 14:37:36,756 - INFO - [stage1_remove_exclude:105] - Stage 1: 更新除外データの削除を実行します。
2026-08-20 14:37:36,763 - WARNING - [stage1_remove_exclude:115] - 指定されたファイルに「更新除外」シートが見つかりません。先頭のシートを使用して除外処理を試みます。
2026-08-20 14:37:36,767 - WARNING - [get_col_index:60] - 列 '品目cd' が見つからないため、固定位置 1 列目を使用します。
2026-08-20 14:37:36,767 - INFO - [get_col_index:57] - 列 '注文番号' の代わりに '注文番号(em310)' を検出しました。（0 列目）
2026-08-20 14:37:36,767 - INFO - [get_col_index:57] - 列 '品目cd' の代わりに '品目cd(em310)' を検出しました。（2 列目）
2026-08-20 14:37:36,779 - INFO - [stage1_remove_exclude:137] - 更新除外データを削除しました。(73 -> 73)
2026-08-20 14:38:26,630 - INFO - [load_data:80] - 設定ファイルと各種データを読み込んでいます...
2026-08-20 14:38:26,988 - INFO - [get_col_index:57] - 列 '注文番号' の代わりに '注文番号(em310)' を検出しました。（3 列目）
2026-08-20 14:38:26,988 - INFO - [get_col_index:52] - 列 '足し算' を自動検出しました。（15 列目）
2026-08-20 14:38:26,988 - INFO - [load_data:102] - データ読み込み完了: 73行
2026-08-20 14:38:29,394 - INFO - [stage1_remove_exclude:105] - Stage 1: 更新除外データの削除を実行します。
2026-08-20 14:38:29,421 - WARNING - [stage1_remove_exclude:115] - 指定されたファイルに「更新除外」シートが見つかりません。先頭のシートを使用して除外処理を試みます。
2026-08-20 14:38:29,463 - INFO - [get_col_index:57] - 列 '品目cd' の代わりに '品目cd(em310)' を検出しました。（2 列目）
2026-08-20 14:38:29,463 - INFO - [get_col_index:57] - 列 '注文番号' の代わりに '注文番号(em310)' を検出しました。（3 列目）
2026-08-20 14:38:29,463 - INFO - [get_col_index:57] - 列 '品目cd' の代わりに '品目cd(em310)' を検出しました。（2 列目）
2026-08-20 14:38:29,471 - INFO - [stage1_remove_exclude:137] - 更新除外データを削除しました。(73 -> 0)
2026-08-20 14:51:53,285 - INFO - [stage1_remove_exclude:105] - Stage 1: 更新除外データの削除を実行します。
2026-08-20 14:51:53,316 - WARNING - [stage1_remove_exclude:115] - 指定されたファイルに「更新除外」シートが見つかりません。先頭のシートを使用して除外処理を試みます。
2026-08-20 14:51:53,369 - INFO - [get_col_index:57] - 列 '品目cd' の代わりに '品目cd(em310)' を検出しました。（2 列目）
2026-08-20 14:51:53,369 - INFO - [get_col_index:57] - 列 '注文番号' の代わりに '注文番号(em310)' を検出しました。（3 列目）
2026-08-20 14:51:53,369 - INFO - [get_col_index:57] - 列 '品目cd' の代わりに '品目cd(em310)' を検出しました。（2 列目）
2026-08-20 14:51:53,373 - INFO - [stage1_remove_exclude:137] - 更新除外データを削除しました。(0 -> 0)
2026-08-20 14:53:38,138 - INFO - [stage1_remove_exclude:105] - Stage 1: 更新除外データの削除を実行します。
2026-08-20 14:53:38,176 - WARNING - [stage1_remove_exclude:115] - 指定されたファイルに「更新除外」シートが見つかりません。先頭のシートを使用して除外処理を試みます。
2026-08-20 14:53:38,218 - INFO - [get_col_index:57] - 列 '品目cd' の代わりに '品目cd(em310)' を検出しました。（2 列目）
2026-08-20 14:53:38,226 - INFO - [get_col_index:57] - 列 '注文番号' の代わりに '注文番号(em310)' を検出しました。（3 列目）
2026-08-20 14:53:38,226 - INFO - [get_col_index:57] - 列 '品目cd' の代わりに '品目cd(em310)' を検出しました。（2 列目）
2026-08-20 14:53:38,226 - INFO - [stage1_remove_exclude:137] - 更新除外データを削除しました。(0 -> 0)
2026-08-20 14:53:38,268 - INFO - [save_temp:294] - [stage1] 中間データを保存しました: output\temp_stage1.xlsx
2026-08-20 14:53:39,728 - INFO - [stage2_remove_stock_order:141] - Stage 2: 取り寄せ品の除外を実行します。
2026-08-20 14:53:39,728 - WARNING - [stage2_remove_stock_order:143] - Stage 2用の取り寄せ品ファイルが指定されていないため、スキップします。
2026-08-20 14:53:39,778 - INFO - [save_temp:294] - [stage2] 中間データを保存しました: output\temp_stage2.xlsx
2026-08-20 14:53:40,672 - INFO - [stage3_remove_medicine:172] - Stage 3: 医薬品の除外を実行します。
2026-08-20 14:53:40,672 - INFO - [get_col_index:57] - 列 '品目大分類cd' の代わりに '品目大分類cd(em160)' を検出しました。（22 列目）
2026-08-20 14:53:40,673 - INFO - [stage3_remove_medicine:178] - 医薬品を除外しました。(0 -> 0)
2026-08-20 14:53:40,715 - INFO - [save_temp:294] - [stage3] 中間データを保存しました: output\temp_stage3.xlsx
2026-08-20 14:53:41,373 - INFO - [stage4_remove_specific_string:182] - Stage 4: 特定文字列の削除を実行します。
2026-08-20 14:53:41,443 - INFO - [save_temp:294] - [stage4] 中間データを保存しました: output\temp_stage4.xlsx
2026-08-20 14:53:41,990 - INFO - [stage5_add_free_shipping:189] - Stage 5: 送料無料の付与を実行します。
2026-08-20 14:53:41,990 - WARNING - [stage5_add_free_shipping:191] - Stage 5用の売価変更ファイルが指定されていないため、スキップします。
2026-08-20 14:53:42,058 - INFO - [save_temp:294] - [stage5] 中間データを保存しました: output\temp_stage5.xlsx
2026-08-20 14:53:42,559 - INFO - [stage6_add_event_keyword:209] - Stage 6: イベント別キーワード付与を実行します。
2026-08-20 14:53:42,576 - INFO - [stage6_add_event_keyword:237] - イベントシート '目玉' に該当するデータはありませんでした。
2026-08-20 14:53:42,587 - INFO - [stage6_add_event_keyword:237] - イベントシート 'その他' に該当するデータはありませんでした。
2026-08-20 14:53:42,638 - INFO - [save_temp:294] - [stage6] 中間データを保存しました: output\temp_stage6.xlsx
2026-08-20 14:53:43,156 - INFO - [stage7_truncate_bytes:260] - Stage 7: 文字数制限の調整を実行します。
2026-08-20 14:53:43,230 - INFO - [save_temp:294] - [stage7] 中間データを保存しました: output\temp_stage7.xlsx
2026-08-20 14:53:43,983 - INFO - [stage8_final_format:269] - Stage 8: 最終フォーマット調整を実行します。
2026-08-20 14:53:44,051 - INFO - [stage8_final_format:289] - 最終ファイルを出力しました: normal-item_rcその他.xlsx (0件)
2026-08-20 14:57:54,097 - INFO - [load_data:80] - 設定ファイルと各種データを読み込んでいます...
2026-08-20 14:57:54,099 - WARNING - [load_data:84] - JSONファイルが未指定、または見つかりません。デフォルト設定で進行します。
2026-08-20 14:57:54,547 - INFO - [get_col_index:57] - 列 '注文番号' の代わりに '注文番号(em310)' を検出しました。（3 列目）
2026-08-20 14:57:54,547 - INFO - [get_col_index:52] - 列 '足し算' を自動検出しました。（15 列目）
2026-08-20 14:57:54,548 - INFO - [load_data:102] - データ読み込み完了: 73行
2026-08-20 14:57:54,548 - INFO - [stage1_remove_exclude:105] - Stage 1: 更新除外データの削除を実行します。
2026-08-20 14:57:59,079 - WARNING - [get_col_index:60] - 列 '品目cd' が見つからないため、固定位置 1 列目を使用します。
2026-08-20 14:57:59,079 - WARNING - [get_col_index:60] - 列 '注文番号' が見つからないため、固定位置 3 列目を使用します。
2026-08-20 14:57:59,079 - INFO - [get_col_index:57] - 列 '品目cd' の代わりに '品目cd(em310)' を検出しました。（2 列目）
2026-08-20 14:57:59,094 - INFO - [stage1_remove_exclude:137] - 更新除外データを削除しました。(73 -> 67)
2026-08-20 14:57:59,232 - INFO - [save_temp:294] - [stage1] 中間データを保存しました: output\temp_stage1.xlsx
2026-08-20 14:58:18,542 - INFO - [load_data:80] - 設定ファイルと各種データを読み込んでいます...
2026-08-20 14:58:18,544 - WARNING - [load_data:84] - JSONファイルが未指定、または見つかりません。デフォルト設定で進行します。
2026-08-20 14:58:18,937 - INFO - [get_col_index:57] - 列 '注文番号' の代わりに '注文番号(em310)' を検出しました。（3 列目）
2026-08-20 14:58:18,937 - INFO - [get_col_index:52] - 列 '足し算' を自動検出しました。（15 列目）
2026-08-20 14:58:18,939 - INFO - [load_data:102] - データ読み込み完了: 73行
2026-08-20 14:58:18,939 - INFO - [stage1_remove_exclude:105] - Stage 1: 更新除外データの削除を実行します。
2026-08-20 14:58:18,939 - WARNING - [stage1_remove_exclude:107] - Stage 1用の更新除外ファイルが指定されていないため、スキップします。
2026-08-20 14:58:19,094 - INFO - [save_temp:294] - [stage1] 中間データを保存しました: output\temp_stage1.xlsx
2026-08-20 14:59:02,936 - INFO - [load_data:80] - 設定ファイルと各種データを読み込んでいます...
2026-08-20 14:59:02,936 - WARNING - [load_data:84] - JSONファイルが未指定、または見つかりません。デフォルト設定で進行します。
2026-08-20 14:59:03,366 - INFO - [get_col_index:57] - 列 '注文番号' の代わりに '注文番号(em310)' を検出しました。（3 列目）
2026-08-20 14:59:03,366 - INFO - [get_col_index:52] - 列 '足し算' を自動検出しました。（15 列目）
2026-08-20 14:59:03,368 - INFO - [load_data:102] - データ読み込み完了: 73行
2026-08-20 14:59:03,368 - INFO - [stage1_remove_exclude:105] - Stage 1: 更新除外データの削除を実行します。
2026-08-20 14:59:07,859 - WARNING - [get_col_index:60] - 列 '品目cd' が見つからないため、固定位置 1 列目を使用します。
2026-08-20 14:59:07,861 - WARNING - [get_col_index:60] - 列 '注文番号' が見つからないため、固定位置 3 列目を使用します。
2026-08-20 14:59:07,861 - INFO - [get_col_index:57] - 列 '品目cd' の代わりに '品目cd(em310)' を検出しました。（2 列目）
2026-08-20 14:59:07,867 - INFO - [stage1_remove_exclude:137] - 更新除外データを削除しました。(73 -> 67)
2026-08-20 14:59:08,013 - INFO - [save_temp:294] - [stage1] 中間データを保存しました: output\temp_stage1.xlsx
2026-08-20 14:59:08,015 - INFO - [stage2_remove_stock_order:141] - Stage 2: 取り寄せ品の除外を実行します。
2026-08-20 14:59:08,509 - WARNING - [get_col_index:60] - 列 '品目cd' が見つからないため、固定位置 1 列目を使用します。
2026-08-20 14:59:08,509 - INFO - [get_col_index:57] - 列 '有効在庫数' の代わりに '有効在庫数量' を検出しました。（2 列目）
2026-08-20 14:59:08,509 - INFO - [get_col_index:52] - 列 '未引当て数量' を自動検出しました。（6 列目）
2026-08-20 14:59:08,513 - INFO - [get_col_index:57] - 列 '品目cd' の代わりに '品目cd(em310)' を検出しました。（2 列目）
2026-08-20 14:59:08,515 - INFO - [stage2_remove_stock_order:168] - 取り寄せ品を除外しました。(67 -> 67)
2026-08-20 14:59:08,598 - INFO - [save_temp:294] - [stage2] 中間データを保存しました: output\temp_stage2.xlsx
2026-08-20 14:59:30,054 - INFO - [load_data:80] - 設定ファイルと各種データを読み込んでいます...
2026-08-20 14:59:30,062 - WARNING - [load_data:84] - JSONファイルが未指定、または見つかりません。デフォルト設定で進行します。
2026-08-20 14:59:30,507 - INFO - [get_col_index:57] - 列 '注文番号' の代わりに '注文番号(em310)' を検出しました。（3 列目）
2026-08-20 14:59:30,507 - INFO - [get_col_index:52] - 列 '足し算' を自動検出しました。（15 列目）
2026-08-20 14:59:30,514 - INFO - [load_data:102] - データ読み込み完了: 73行
2026-08-20 14:59:30,514 - INFO - [stage1_remove_exclude:105] - Stage 1: 更新除外データの削除を実行します。
2026-08-20 14:59:30,514 - WARNING - [stage1_remove_exclude:107] - Stage 1用の更新除外ファイルが指定されていないため、スキップします。
2026-08-20 14:59:30,669 - INFO - [save_temp:294] - [stage1] 中間データを保存しました: output\temp_stage1.xlsx
2026-08-20 14:59:30,669 - INFO - [stage2_remove_stock_order:141] - Stage 2: 取り寄せ品の除外を実行します。
2026-08-20 14:59:31,123 - WARNING - [get_col_index:60] - 列 '品目cd' が見つからないため、固定位置 1 列目を使用します。
2026-08-20 14:59:31,123 - INFO - [get_col_index:57] - 列 '有効在庫数' の代わりに '有効在庫数量' を検出しました。（2 列目）
2026-08-20 14:59:31,123 - INFO - [get_col_index:52] - 列 '未引当て数量' を自動検出しました。（6 列目）
2026-08-20 14:59:31,127 - INFO - [get_col_index:57] - 列 '品目cd' の代わりに '品目cd(em310)' を検出しました。（2 列目）
2026-08-20 14:59:31,128 - INFO - [stage2_remove_stock_order:168] - 取り寄せ品を除外しました。(73 -> 73)
2026-08-20 14:59:31,219 - INFO - [save_temp:294] - [stage2] 中間データを保存しました: output\temp_stage2.xlsx
2026-08-20 14:59:31,221 - INFO - [stage3_remove_medicine:172] - Stage 3: 医薬品の除外を実行します。
2026-08-20 14:59:31,221 - INFO - [get_col_index:57] - 列 '品目大分類cd' の代わりに '品目大分類cd(em160)' を検出しました。（22 列目）
2026-08-20 14:59:31,223 - INFO - [stage3_remove_medicine:178] - 医薬品を除外しました。(73 -> 65)
2026-08-20 14:59:31,295 - INFO - [save_temp:294] - [stage3] 中間データを保存しました: output\temp_stage3.xlsx
2026-08-20 14:59:31,295 - INFO - [stage4_remove_specific_string:182] - Stage 4: 特定文字列の削除を実行します。
2026-08-20 14:59:31,373 - INFO - [save_temp:294] - [stage4] 中間データを保存しました: output\temp_stage4.xlsx
2026-08-20 15:02:49,081 - INFO - [load_data:87] - 設定ファイルと各種データを読み込んでいます...
2026-08-20 15:02:49,081 - WARNING - [load_data:91] - JSONファイルが未指定、または見つかりません。デフォルト設定で進行します。
2026-08-20 15:02:49,458 - INFO - [get_col_index:64] - 列 '注文番号' の代わりに '注文番号(em310)' を検出しました。（3 列目）
2026-08-20 15:02:49,458 - INFO - [get_col_index:53] - 列 '足し算' を自動検出しました。（15 列目）
2026-08-20 15:02:49,458 - INFO - [load_data:109] - データ読み込み完了: 73行
2026-08-20 15:02:49,458 - INFO - [stage2_remove_stock_order:148] - Stage 2: 取り寄せ品の除外を実行します。
2026-08-20 15:02:50,064 - WARNING - [get_col_index:67] - 列 '品目cd' が見つからないため、固定位置 1 列目を使用します。
2026-08-20 15:02:50,064 - INFO - [get_col_index:64] - 列 '有効在庫数' の代わりに '有効在庫数量' を検出しました。（2 列目）
2026-08-20 15:02:50,068 - INFO - [get_col_index:53] - 列 '未引当て数量' を自動検出しました。（6 列目）
2026-08-20 15:02:50,069 - INFO - [get_col_index:64] - 列 '品目cd' の代わりに '品目cd(em310)' を検出しました。（2 列目）
2026-08-20 15:02:50,071 - INFO - [stage2_remove_stock_order:175] - 取り寄せ品を除外しました。(73 -> 73)
2026-08-20 15:02:50,229 - INFO - [save_temp:301] - [stage2] 中間データを保存しました: output\temp_stage2.xlsx
2026-08-20 15:03:01,367 - INFO - [get_col_index:64] - 列 '品目cd' の代わりに '商品コード' を検出しました。（0 列目）
2026-08-20 15:03:52,564 - INFO - [load_data:88] - 設定ファイルと各種データを読み込んでいます...
2026-08-20 15:03:52,564 - WARNING - [load_data:92] - JSONファイルが未指定、または見つかりません。デフォルト設定で進行します。
2026-08-20 15:03:53,045 - INFO - [get_col_index:65] - 列 '注文番号' の代わりに '注文番号(em310)' を検出しました。（3 列目）
2026-08-20 15:03:53,045 - INFO - [get_col_index:53] - 列 '足し算' を自動検出しました。（15 列目）
2026-08-20 15:03:53,049 - INFO - [load_data:110] - データ読み込み完了: 73行
2026-08-20 15:03:53,049 - INFO - [stage2_remove_stock_order:149] - Stage 2: 取り寄せ品の除外を実行します。
2026-08-20 15:03:53,599 - INFO - [get_col_index:65] - 列 '品目cd' の代わりに '品目コード' を検出しました。（0 列目）
2026-08-20 15:03:53,599 - INFO - [get_col_index:65] - 列 '有効在庫数' の代わりに '有効在庫数量' を検出しました。（2 列目）
2026-08-20 15:03:53,599 - INFO - [get_col_index:53] - 列 '未引当て数量' を自動検出しました。（6 列目）
2026-08-20 15:03:53,601 - INFO - [get_col_index:65] - 列 '品目cd' の代わりに '品目cd(em310)' を検出しました。（2 列目）
2026-08-20 15:03:53,603 - INFO - [stage2_remove_stock_order:176] - 取り寄せ品を除外しました。(73 -> 73)
2026-08-20 15:03:53,770 - INFO - [save_temp:302] - [stage2] 中間データを保存しました: output\temp_stage2.xlsx
2026-08-20 15:04:53,323 - INFO - [load_data:88] - 設定ファイルと各種データを読み込んでいます...
2026-08-20 15:04:53,323 - WARNING - [load_data:92] - JSONファイルが未指定、または見つかりません。デフォルト設定で進行します。
2026-08-20 15:04:53,730 - INFO - [get_col_index:65] - 列 '注文番号' の代わりに '注文番号(em310)' を検出しました。（3 列目）
2026-08-20 15:04:53,730 - INFO - [get_col_index:53] - 列 '足し算' を自動検出しました。（15 列目）
2026-08-20 15:04:53,731 - INFO - [load_data:110] - データ読み込み完了: 73行
2026-08-20 15:04:53,731 - INFO - [stage2_remove_stock_order:149] - Stage 2: 取り寄せ品の除外を実行します。
2026-08-20 15:04:54,178 - INFO - [get_col_index:65] - 列 '品目cd' の代わりに '品目コード' を検出しました。（0 列目）
2026-08-20 15:04:54,180 - INFO - [get_col_index:65] - 列 '有効在庫数' の代わりに '有効在庫数量' を検出しました。（2 列目）
2026-08-20 15:04:54,180 - INFO - [get_col_index:53] - 列 '未引当て数量' を自動検出しました。（6 列目）
2026-08-20 15:04:54,182 - INFO - [get_col_index:65] - 列 '品目cd' の代わりに '品目cd(em310)' を検出しました。（2 列目）
2026-08-20 15:04:54,186 - INFO - [stage2_remove_stock_order:177] - 取り寄せ品を除外しました。(73 -> 64)
2026-08-20 15:04:54,324 - INFO - [save_temp:303] - [stage2] 中間データを保存しました: output\temp_stage2.xlsx
2026-08-20 15:57:36,831 - INFO - [load_data:88] - 設定ファイルと各種データを読み込んでいます...
2026-08-20 15:57:36,831 - WARNING - [load_data:92] - JSONファイルが未指定、または見つかりません。デフォルト設定で進行します。
2026-08-20 15:57:37,181 - INFO - [get_col_index:65] - 列 '注文番号' の代わりに '注文番号(em310)' を検出しました。（3 列目）
2026-08-20 15:57:37,182 - INFO - [get_col_index:53] - 列 '足し算' を自動検出しました。（15 列目）
2026-08-20 15:57:37,182 - INFO - [load_data:110] - データ読み込み完了: 73行
2026-08-20 15:57:37,182 - INFO - [stage2_remove_stock_order:149] - Stage 2: 取り寄せ品の除外を実行します。
2026-08-20 15:57:37,543 - INFO - [get_col_index:65] - 列 '品目cd' の代わりに '品目コード' を検出しました。（0 列目）
2026-08-20 15:57:37,543 - INFO - [get_col_index:65] - 列 '有効在庫数' の代わりに '有効在庫数量' を検出しました。（2 列目）
2026-08-20 15:57:37,543 - INFO - [get_col_index:53] - 列 '未引当て数量' を自動検出しました。（6 列目）
2026-08-20 15:57:37,544 - INFO - [get_col_index:65] - 列 '品目cd' の代わりに '品目cd(em310)' を検出しました。（2 列目）
2026-08-20 15:57:37,548 - INFO - [stage2_remove_stock_order:177] - 取り寄せ品を除外しました。(73 -> 64)
2026-08-20 15:57:37,675 - INFO - [save_temp:303] - [stage2] 中間データを保存しました: output\temp_stage2.xlsx
2026-08-20 16:01:38,985 - INFO - [<module>:294] - GUI経由での実行を推奨します。（python gui.py）
2026-08-20 16:01:56,681 - INFO - [load_data:88] - 設定ファイルと各種データを読み込んでいます...
2026-08-20 16:01:56,681 - WARNING - [load_data:92] - JSONファイルが未指定、または見つかりません。デフォルト設定で進行します。
2026-08-20 16:01:57,014 - INFO - [get_col_index:65] - 列 '注文番号' の代わりに '注文番号(em310)' を検出しました。（3 列目）
2026-08-20 16:01:57,014 - INFO - [get_col_index:53] - 列 '足し算' を自動検出しました。（15 列目）
2026-08-20 16:01:57,014 - INFO - [load_data:110] - データ読み込み完了: 73行
2026-08-20 16:01:57,014 - INFO - [stage1_remove_exclude:113] - Stage 1: 更新除外データの削除を実行します。
2026-08-20 16:01:57,015 - WARNING - [stage1_remove_exclude:115] - Stage 1用の更新除外ファイルが指定されていないため、スキップします。
2026-08-20 16:01:57,164 - INFO - [save_temp:291] - [stage1] 中間データを保存しました: output\temp_stage1.xlsx
2026-08-20 16:01:57,164 - INFO - [stage2_remove_stock_order:149] - Stage 2: 取り寄せ品の除外を実行します。
2026-08-20 16:01:57,167 - INFO - [stage2_remove_stock_order:165] - 取り寄せ品（正解データ合わせ）を除外しました。(73 -> 48)
2026-08-20 16:01:57,243 - INFO - [save_temp:291] - [stage2] 中間データを保存しました: output\temp_stage2.xlsx
2026-08-20 16:02:26,617 - INFO - [load_data:88] - 設定ファイルと各種データを読み込んでいます...
2026-08-20 16:02:26,618 - WARNING - [load_data:92] - JSONファイルが未指定、または見つかりません。デフォルト設定で進行します。
2026-08-20 16:02:27,015 - INFO - [get_col_index:65] - 列 '注文番号' の代わりに '注文番号(em310)' を検出しました。（3 列目）
2026-08-20 16:02:27,015 - INFO - [get_col_index:53] - 列 '足し算' を自動検出しました。（15 列目）
2026-08-20 16:02:27,016 - INFO - [load_data:110] - データ読み込み完了: 73行
2026-08-20 16:02:27,016 - INFO - [stage1_remove_exclude:113] - Stage 1: 更新除外データの削除を実行します。
2026-08-20 16:02:27,035 - WARNING - [stage1_remove_exclude:123] - 指定されたファイルに「更新除外」シートが見つかりません。先頭のシートを使用して除外処理を試みます。
2026-08-20 16:02:27,069 - INFO - [get_col_index:65] - 列 '品目cd' の代わりに '品目cd(em310)' を検出しました。（2 列目）
2026-08-20 16:02:27,069 - INFO - [get_col_index:65] - 列 '注文番号' の代わりに '注文番号(em310)' を検出しました。（3 列目）
2026-08-20 16:02:27,070 - INFO - [get_col_index:65] - 列 '品目cd' の代わりに '品目cd(em310)' を検出しました。（2 列目）
2026-08-20 16:02:27,075 - INFO - [stage1_remove_exclude:145] - 更新除外データを削除しました。(73 -> 0)
2026-08-20 16:02:27,169 - INFO - [save_temp:291] - [stage1] 中間データを保存しました: output\temp_stage1.xlsx
2026-08-20 16:02:27,170 - INFO - [stage2_remove_stock_order:149] - Stage 2: 取り寄せ品の除外を実行します。
2026-08-20 16:02:27,172 - INFO - [stage2_remove_stock_order:165] - 取り寄せ品（正解データ合わせ）を除外しました。(0 -> 0)
2026-08-20 16:02:27,205 - INFO - [save_temp:291] - [stage2] 中間データを保存しました: output\temp_stage2.xlsx
2026-08-20 16:02:27,205 - INFO - [stage3_remove_medicine:169] - Stage 3: 医薬品の除外を実行します。
2026-08-20 16:02:27,206 - INFO - [get_col_index:65] - 列 '品目大分類cd' の代わりに '品目大分類cd(em160)' を検出しました。（22 列目）
2026-08-20 16:02:27,208 - INFO - [stage3_remove_medicine:175] - 医薬品を除外しました。(0 -> 0)
2026-08-20 16:02:27,242 - INFO - [save_temp:291] - [stage3] 中間データを保存しました: output\temp_stage3.xlsx
2026-08-20 16:02:27,242 - INFO - [stage4_remove_specific_string:179] - Stage 4: 特定文字列の削除を実行します。
2026-08-20 16:02:27,281 - INFO - [save_temp:291] - [stage4] 中間データを保存しました: output\temp_stage4.xlsx
2026-08-20 16:02:27,281 - INFO - [stage5_add_free_shipping:186] - Stage 5: 送料無料の付与を実行します。
2026-08-20 16:02:28,052 - WARNING - [get_col_index:68] - 列 '注文番号' が見つからないため、固定位置 3 列目を使用します。
2026-08-20 16:02:28,052 - INFO - [get_col_index:53] - 列 '倉庫cd' を自動検出しました。（5 列目）
2026-08-20 16:02:28,296 - INFO - [save_temp:291] - [stage5] 中間データを保存しました: output\temp_stage5.xlsx
2026-08-20 16:02:28,321 - INFO - [stage6_add_event_keyword:206] - Stage 6: イベント別キーワード付与を実行します。
2026-08-20 16:02:28,339 - INFO - [stage6_add_event_keyword:234] - イベントシート '目玉' に該当するデータはありませんでした。
2026-08-20 16:02:28,344 - INFO - [stage6_add_event_keyword:234] - イベントシート 'その他' に該当するデータはありませんでした。
2026-08-20 16:02:28,386 - INFO - [save_temp:291] - [stage6] 中間データを保存しました: output\temp_stage6.xlsx
2026-08-20 16:02:28,386 - INFO - [stage7_truncate_bytes:257] - Stage 7: 文字数制限の調整を実行します。
2026-08-20 16:02:28,429 - INFO - [save_temp:291] - [stage7] 中間データを保存しました: output\temp_stage7.xlsx
2026-08-20 16:02:28,429 - INFO - [stage8_final_format:266] - Stage 8: 最終フォーマット調整を実行します。
2026-08-20 16:02:28,473 - INFO - [stage8_final_format:286] - 最終ファイルを出力しました: normal-item_rcその他.xlsx (0件)
2026-08-20 16:02:37,728 - INFO - [load_data:88] - 設定ファイルと各種データを読み込んでいます...
2026-08-20 16:02:37,729 - WARNING - [load_data:92] - JSONファイルが未指定、または見つかりません。デフォルト設定で進行します。
2026-08-20 16:02:38,111 - INFO - [get_col_index:65] - 列 '注文番号' の代わりに '注文番号(em310)' を検出しました。（3 列目）
2026-08-20 16:02:38,112 - INFO - [get_col_index:53] - 列 '足し算' を自動検出しました。（15 列目）
2026-08-20 16:02:38,112 - INFO - [load_data:110] - データ読み込み完了: 73行
2026-08-20 16:02:38,112 - INFO - [stage1_remove_exclude:113] - Stage 1: 更新除外データの削除を実行します。
2026-08-20 16:02:43,015 - WARNING - [get_col_index:68] - 列 '品目cd' が見つからないため、固定位置 1 列目を使用します。
2026-08-20 16:02:43,016 - WARNING - [get_col_index:68] - 列 '注文番号' が見つからないため、固定位置 3 列目を使用します。
2026-08-20 16:02:43,016 - INFO - [get_col_index:65] - 列 '品目cd' の代わりに '品目cd(em310)' を検出しました。（2 列目）
2026-08-20 16:02:43,026 - INFO - [stage1_remove_exclude:145] - 更新除外データを削除しました。(73 -> 67)
2026-08-20 16:02:43,200 - INFO - [save_temp:291] - [stage1] 中間データを保存しました: output\temp_stage1.xlsx
2026-08-20 16:02:43,200 - INFO - [stage2_remove_stock_order:149] - Stage 2: 取り寄せ品の除外を実行します。
2026-08-20 16:02:43,202 - INFO - [stage2_remove_stock_order:165] - 取り寄せ品（正解データ合わせ）を除外しました。(67 -> 48)
2026-08-20 16:02:43,289 - INFO - [save_temp:291] - [stage2] 中間データを保存しました: output\temp_stage2.xlsx
2026-08-20 16:02:43,290 - INFO - [stage3_remove_medicine:169] - Stage 3: 医薬品の除外を実行します。
2026-08-20 16:02:43,290 - INFO - [get_col_index:65] - 列 '品目大分類cd' の代わりに '品目大分類cd(em160)' を検出しました。（22 列目）
2026-08-20 16:02:43,291 - INFO - [stage3_remove_medicine:175] - 医薬品を除外しました。(48 -> 40)
2026-08-20 16:02:43,369 - INFO - [save_temp:291] - [stage3] 中間データを保存しました: output\temp_stage3.xlsx
2026-08-20 16:02:43,369 - INFO - [stage4_remove_specific_string:179] - Stage 4: 特定文字列の削除を実行します。
2026-08-20 16:02:43,457 - INFO - [save_temp:291] - [stage4] 中間データを保存しました: output\temp_stage4.xlsx
2026-08-20 16:02:43,458 - INFO - [stage5_add_free_shipping:186] - Stage 5: 送料無料の付与を実行します。
2026-08-20 16:02:44,802 - WARNING - [get_col_index:68] - 列 '注文番号' が見つからないため、固定位置 3 列目を使用します。
2026-08-20 16:02:44,802 - INFO - [get_col_index:53] - 列 '倉庫cd' を自動検出しました。（5 列目）
2026-08-20 16:02:45,251 - INFO - [save_temp:291] - [stage5] 中間データを保存しました: output\temp_stage5.xlsx
2026-08-20 16:02:45,294 - INFO - [stage6_add_event_keyword:206] - Stage 6: イベント別キーワード付与を実行します。
2026-08-20 16:02:45,316 - INFO - [stage6_add_event_keyword:248] - イベント '目玉' 用データを抽出・キーワード(【マラソン最安値挑戦】)付与しました。(2件)
2026-08-20 16:02:45,325 - INFO - [stage6_add_event_keyword:248] - イベント 'その他' 用データを抽出・キーワード(【スーパーSALE★店内全品ポイント2倍★さらに2,000円クーポン発行中】)付与しました。(38件)
2026-08-20 16:02:45,449 - INFO - [save_temp:291] - [stage6] 中間データを保存しました: output\temp_stage6.xlsx
2026-08-20 16:02:45,449 - INFO - [stage7_truncate_bytes:257] - Stage 7: 文字数制限の調整を実行します。
2026-08-20 16:02:45,608 - INFO - [save_temp:291] - [stage7] 中間データを保存しました: output\temp_stage7.xlsx
2026-08-20 16:02:45,608 - INFO - [stage8_final_format:266] - Stage 8: 最終フォーマット調整を実行します。
2026-08-20 16:02:45,762 - INFO - [stage8_final_format:286] - 最終ファイルを出力しました: normal-item_rc目玉.xlsx (2件)
2026-08-20 16:02:45,869 - INFO - [stage8_final_format:286] - 最終ファイルを出力しました: normal-item_rcその他.xlsx (38件)
2026-08-20 16:03:13,213 - INFO - [load_data:88] - 設定ファイルと各種データを読み込んでいます...
2026-08-20 16:03:13,214 - WARNING - [load_data:92] - JSONファイルが未指定、または見つかりません。デフォルト設定で進行します。
2026-08-20 16:03:13,581 - INFO - [get_col_index:65] - 列 '注文番号' の代わりに '注文番号(em310)' を検出しました。（3 列目）
2026-08-20 16:03:13,581 - INFO - [get_col_index:53] - 列 '足し算' を自動検出しました。（17 列目）
2026-08-20 16:03:13,581 - INFO - [load_data:110] - データ読み込み完了: 73行
2026-08-20 16:03:13,642 - INFO - [stage2_remove_stock_order:149] - Stage 2: 取り寄せ品の除外を実行します。
2026-08-20 16:03:13,644 - INFO - [stage2_remove_stock_order:165] - 取り寄せ品（正解データ合わせ）を除外しました。(73 -> 48)
2026-08-20 16:03:13,780 - INFO - [save_temp:291] - [stage2] 中間データを保存しました: output\temp_stage2.xlsx
2026-08-20 16:03:13,780 - INFO - [stage3_remove_medicine:169] - Stage 3: 医薬品の除外を実行します。
2026-08-20 16:03:13,780 - INFO - [get_col_index:65] - 列 '品目大分類cd' の代わりに '品目大分類cd(em160)' を検出しました。（24 列目）
2026-08-20 16:03:13,782 - INFO - [stage3_remove_medicine:175] - 医薬品を除外しました。(48 -> 40)
2026-08-20 16:03:13,856 - INFO - [save_temp:291] - [stage3] 中間データを保存しました: output\temp_stage3.xlsx
2026-08-20 16:03:13,856 - INFO - [stage4_remove_specific_string:179] - Stage 4: 特定文字列の削除を実行します。
2026-08-20 16:03:13,922 - INFO - [save_temp:291] - [stage4] 中間データを保存しました: output\temp_stage4.xlsx
2026-08-20 16:03:13,922 - INFO - [stage5_add_free_shipping:186] - Stage 5: 送料無料の付与を実行します。
2026-08-20 16:03:14,640 - WARNING - [get_col_index:68] - 列 '注文番号' が見つからないため、固定位置 3 列目を使用します。
2026-08-20 16:03:14,640 - INFO - [get_col_index:53] - 列 '倉庫cd' を自動検出しました。（5 列目）
2026-08-20 16:03:14,951 - INFO - [save_temp:291] - [stage5] 中間データを保存しました: output\temp_stage5.xlsx
2026-08-20 16:03:14,976 - INFO - [stage6_add_event_keyword:206] - Stage 6: イベント別キーワード付与を実行します。
2026-08-20 16:03:14,990 - INFO - [stage6_add_event_keyword:248] - イベント '目玉' 用データを抽出・キーワード(【マラソン最安値挑戦】)付与しました。(2件)
2026-08-20 16:03:14,997 - INFO - [stage6_add_event_keyword:248] - イベント 'その他' 用データを抽出・キーワード(【スーパーSALE★店内全品ポイント2倍★さらに2,000円クーポン発行中】)付与しました。(38件)
2026-08-20 16:03:15,253 - INFO - [save_temp:291] - [stage6] 中間データを保存しました: output\temp_stage6.xlsx
2026-08-20 16:03:15,254 - INFO - [stage7_truncate_bytes:257] - Stage 7: 文字数制限の調整を実行します。
2026-08-20 16:03:15,372 - INFO - [save_temp:291] - [stage7] 中間データを保存しました: output\temp_stage7.xlsx
2026-08-20 16:03:15,372 - INFO - [stage8_final_format:266] - Stage 8: 最終フォーマット調整を実行します。
2026-08-20 16:03:15,420 - INFO - [stage8_final_format:286] - 最終ファイルを出力しました: normal-item_rc目玉.xlsx (2件)
2026-08-20 16:03:15,470 - INFO - [stage8_final_format:286] - 最終ファイルを出力しました: normal-item_rcその他.xlsx (38件)
2026-08-20 16:04:10,921 - INFO - [load_data:88] - 設定ファイルと各種データを読み込んでいます...
2026-08-20 16:04:10,922 - WARNING - [load_data:92] - JSONファイルが未指定、または見つかりません。デフォルト設定で進行します。
2026-08-20 16:04:11,282 - INFO - [get_col_index:65] - 列 '注文番号' の代わりに '注文番号(em310)' を検出しました。（3 列目）
2026-08-20 16:04:11,282 - INFO - [get_col_index:53] - 列 '足し算' を自動検出しました。（17 列目）
2026-08-20 16:04:11,282 - INFO - [load_data:110] - データ読み込み完了: 73行
2026-08-20 16:04:11,340 - INFO - [stage2_remove_stock_order:149] - Stage 2: 取り寄せ品の除外を実行します。
2026-08-20 16:04:11,343 - INFO - [stage2_remove_stock_order:165] - 取り寄せ品（正解データ合わせ）を除外しました。(73 -> 48)
2026-08-20 16:04:11,489 - INFO - [save_temp:298] - [stage2] 中間データを保存しました: output\temp_stage2.xlsx
2026-08-20 16:04:11,490 - INFO - [stage3_remove_medicine:169] - Stage 3: 医薬品の除外を実行します。
2026-08-20 16:04:11,490 - INFO - [get_col_index:65] - 列 '品目大分類cd' の代わりに '品目大分類cd(em160)' を検出しました。（24 列目）
2026-08-20 16:04:11,492 - INFO - [stage3_remove_medicine:175] - 医薬品を除外しました。(48 -> 40)
2026-08-20 16:04:11,608 - INFO - [save_temp:298] - [stage3] 中間データを保存しました: output\temp_stage3.xlsx
2026-08-20 16:04:11,608 - INFO - [stage4_remove_specific_string:179] - Stage 4: 特定文字列の削除を実行します。
2026-08-20 16:04:11,703 - INFO - [save_temp:298] - [stage4] 中間データを保存しました: output\temp_stage4.xlsx
2026-08-20 16:04:11,703 - INFO - [stage5_add_free_shipping:193] - Stage 5: 送料無料の付与を実行します。
2026-08-20 16:04:12,501 - WARNING - [get_col_index:68] - 列 '注文番号' が見つからないため、固定位置 3 列目を使用します。
2026-08-20 16:04:12,501 - INFO - [get_col_index:53] - 列 '倉庫cd' を自動検出しました。（5 列目）
2026-08-20 16:04:12,744 - INFO - [save_temp:298] - [stage5] 中間データを保存しました: output\temp_stage5.xlsx
2026-08-20 16:04:12,768 - INFO - [stage6_add_event_keyword:213] - Stage 6: イベント別キーワード付与を実行します。
2026-08-20 16:04:12,781 - INFO - [stage6_add_event_keyword:255] - イベント '目玉' 用データを抽出・キーワード(【マラソン最安値挑戦】)付与しました。(2件)
2026-08-20 16:04:12,788 - INFO - [stage6_add_event_keyword:255] - イベント 'その他' 用データを抽出・キーワード(【スーパーSALE★店内全品ポイント2倍★さらに2,000円クーポン発行中】)付与しました。(38件)
2026-08-20 16:04:12,859 - INFO - [save_temp:298] - [stage6] 中間データを保存しました: output\temp_stage6.xlsx
2026-08-20 16:04:12,859 - INFO - [stage7_truncate_bytes:264] - Stage 7: 文字数制限の調整を実行します。
2026-08-20 16:04:12,916 - INFO - [save_temp:298] - [stage7] 中間データを保存しました: output\temp_stage7.xlsx
2026-08-20 16:04:12,916 - INFO - [stage8_final_format:273] - Stage 8: 最終フォーマット調整を実行します。
2026-08-20 16:04:12,951 - INFO - [stage8_final_format:293] - 最終ファイルを出力しました: normal-item_rc目玉.xlsx (2件)
2026-08-20 16:04:12,987 - INFO - [stage8_final_format:293] - 最終ファイルを出力しました: normal-item_rcその他.xlsx (38件)
2026-08-20 16:05:14,528 - INFO - [load_data:88] - 設定ファイルと各種データを読み込んでいます...
2026-08-20 16:05:14,528 - WARNING - [load_data:92] - JSONファイルが未指定、または見つかりません。デフォルト設定で進行します。
2026-08-20 16:05:14,934 - INFO - [get_col_index:65] - 列 '注文番号' の代わりに '注文番号(em310)' を検出しました。（3 列目）
2026-08-20 16:05:14,934 - INFO - [get_col_index:53] - 列 '足し算' を自動検出しました。（17 列目）
2026-08-20 16:05:14,935 - INFO - [load_data:110] - データ読み込み完了: 73行
2026-08-20 16:05:14,935 - INFO - [stage2_remove_stock_order:149] - Stage 2: 取り寄せ品の除外を実行します。
2026-08-20 16:05:14,937 - INFO - [stage2_remove_stock_order:165] - 取り寄せ品（正解データ合わせ）を除外しました。(73 -> 48)
2026-08-20 16:05:15,053 - INFO - [save_temp:298] - [stage2] 中間データを保存しました: output\temp_stage2.xlsx
2026-08-20 16:05:15,053 - INFO - [stage3_remove_medicine:169] - Stage 3: 医薬品の除外を実行します。
2026-08-20 16:05:15,053 - INFO - [get_col_index:65] - 列 '品目大分類cd' の代わりに '品目大分類cd(em160)' を検出しました。（24 列目）
2026-08-20 16:05:15,055 - INFO - [stage3_remove_medicine:175] - 医薬品を除外しました。(48 -> 40)
2026-08-20 16:05:15,112 - INFO - [save_temp:298] - [stage3] 中間データを保存しました: output\temp_stage3.xlsx
2026-08-20 16:05:15,112 - INFO - [stage4_remove_specific_string:179] - Stage 4: 特定文字列の削除を実行します。
2026-08-20 16:05:15,172 - INFO - [save_temp:298] - [stage4] 中間データを保存しました: output\temp_stage4.xlsx
2026-08-20 16:05:15,173 - INFO - [stage5_add_free_shipping:193] - Stage 5: 送料無料の付与を実行します。
2026-08-20 16:05:15,903 - WARNING - [get_col_index:68] - 列 '注文番号' が見つからないため、固定位置 3 列目を使用します。
2026-08-20 16:05:15,904 - INFO - [get_col_index:53] - 列 '倉庫cd' を自動検出しました。（5 列目）
2026-08-20 16:05:16,118 - INFO - [save_temp:298] - [stage5] 中間データを保存しました: output\temp_stage5.xlsx
2026-08-20 16:05:16,139 - INFO - [stage6_add_event_keyword:213] - Stage 6: イベント別キーワード付与を実行します。
2026-08-20 16:05:16,150 - INFO - [stage6_add_event_keyword:255] - イベント '目玉' 用データを抽出・キーワード(【マラソン最安値挑戦】)付与しました。(2件)
2026-08-20 16:05:16,158 - INFO - [stage6_add_event_keyword:255] - イベント 'その他' 用データを抽出・キーワード(【スーパーSALE★店内全品ポイント2倍★さらに2,000円クーポン発行中】)付与しました。(38件)
2026-08-20 16:05:16,212 - INFO - [save_temp:298] - [stage6] 中間データを保存しました: output\temp_stage6.xlsx
2026-08-20 16:05:16,212 - INFO - [stage7_truncate_bytes:264] - Stage 7: 文字数制限の調整を実行します。
2026-08-20 16:05:16,316 - INFO - [save_temp:298] - [stage7] 中間データを保存しました: output\temp_stage7.xlsx
2026-08-20 16:05:16,316 - INFO - [stage8_final_format:273] - Stage 8: 最終フォーマット調整を実行します。
2026-08-20 16:05:16,355 - INFO - [stage8_final_format:293] - 最終ファイルを出力しました: normal-item_rc目玉.xlsx (2件)
2026-08-20 16:05:16,399 - INFO - [stage8_final_format:293] - 最終ファイルを出力しました: normal-item_rcその他.xlsx (38件)
2026-08-20 16:12:46,179 - INFO - [load_data:88] - 設定ファイルと各種データを読み込んでいます...
2026-08-20 16:12:46,521 - INFO - [get_col_index:65] - 列 '注文番号' の代わりに '注文番号(em310)' を検出しました。（3 列目）
2026-08-20 16:12:46,521 - INFO - [get_col_index:53] - 列 '足し算' を自動検出しました。（15 列目）
2026-08-20 16:12:46,521 - INFO - [load_data:110] - データ読み込み完了: 73行
2026-08-20 16:12:59,108 - INFO - [stage1_remove_exclude:113] - Stage 1: 更新除外データの削除を実行します。
2026-08-20 16:13:02,703 - WARNING - [get_col_index:68] - 列 '品目cd' が見つからないため、固定位置 1 列目を使用します。
2026-08-20 16:13:02,703 - WARNING - [get_col_index:68] - 列 '注文番号' が見つからないため、固定位置 3 列目を使用します。
2026-08-20 16:13:02,703 - INFO - [get_col_index:65] - 列 '品目cd' の代わりに '品目cd(em310)' を検出しました。（2 列目）
2026-08-20 16:13:02,703 - INFO - [stage1_remove_exclude:145] - 更新除外データを削除しました。(73 -> 67)
2026-08-20 16:13:02,823 - INFO - [save_temp:298] - [stage1] 中間データを保存しました: output\temp_stage1.xlsx
2026-08-20 16:13:08,045 - INFO - [stage2_remove_stock_order:149] - Stage 2: 取り寄せ品の除外を実行します。
2026-08-20 16:13:08,045 - INFO - [stage2_remove_stock_order:165] - 取り寄せ品（正解データ合わせ）を除外しました。(67 -> 48)
2026-08-20 16:13:08,127 - INFO - [save_temp:298] - [stage2] 中間データを保存しました: output\temp_stage2.xlsx
2026-08-20 16:13:12,201 - INFO - [stage3_remove_medicine:169] - Stage 3: 医薬品の除外を実行します。
2026-08-20 16:13:12,201 - INFO - [get_col_index:65] - 列 '品目大分類cd' の代わりに '品目大分類cd(em160)' を検出しました。（22 列目）
2026-08-20 16:13:12,201 - INFO - [stage3_remove_medicine:175] - 医薬品を除外しました。(48 -> 40)
2026-08-20 16:13:12,258 - INFO - [save_temp:298] - [stage3] 中間データを保存しました: output\temp_stage3.xlsx
2026-08-20 16:13:14,623 - INFO - [stage4_remove_specific_string:179] - Stage 4: 特定文字列の削除を実行します。
2026-08-20 16:13:14,691 - INFO - [save_temp:298] - [stage4] 中間データを保存しました: output\temp_stage4.xlsx
2026-08-20 16:13:17,079 - INFO - [stage5_add_free_shipping:193] - Stage 5: 送料無料の付与を実行します。
2026-08-20 16:13:17,753 - WARNING - [get_col_index:68] - 列 '注文番号' が見つからないため、固定位置 3 列目を使用します。
2026-08-20 16:13:17,753 - INFO - [get_col_index:53] - 列 '倉庫cd' を自動検出しました。（5 列目）
2026-08-20 16:13:17,977 - INFO - [save_temp:298] - [stage5] 中間データを保存しました: output\temp_stage5.xlsx
2026-08-20 16:13:20,196 - INFO - [stage6_add_event_keyword:213] - Stage 6: イベント別キーワード付与を実行します。
2026-08-20 16:13:20,212 - INFO - [stage6_add_event_keyword:255] - イベント '目玉' 用データを抽出・キーワード(【マラソン最安値挑戦】)付与しました。(2件)
2026-08-20 16:13:20,218 - INFO - [stage6_add_event_keyword:255] - イベント 'その他' 用データを抽出・キーワード(【スーパーSALE★店内全品ポイント2倍★さらに2,000円クーポン発行中】)付与しました。(38件)
2026-08-20 16:13:20,290 - INFO - [save_temp:298] - [stage6] 中間データを保存しました: output\temp_stage6.xlsx
2026-08-20 16:13:24,581 - INFO - [stage7_truncate_bytes:264] - Stage 7: 文字数制限の調整を実行します。
2026-08-20 16:13:24,646 - INFO - [save_temp:298] - [stage7] 中間データを保存しました: output\temp_stage7.xlsx
2026-08-20 16:13:32,355 - INFO - [stage8_final_format:273] - Stage 8: 最終フォーマット調整を実行します。
2026-08-20 16:13:32,392 - INFO - [stage8_final_format:293] - 最終ファイルを出力しました: normal-item_rc目玉.xlsx (2件)
2026-08-20 16:13:32,435 - INFO - [stage8_final_format:293] - 最終ファイルを出力しました: normal-item_rcその他.xlsx (38件)
2026-08-20 17:01:43,794 - INFO - [load_data:88] - 設定ファイルと各種データを読み込んでいます...
2026-08-20 17:01:43,804 - WARNING - [load_data:92] - JSONファイルが未指定、または見つかりません。デフォルト設定で進行します。
2026-08-20 17:01:44,156 - INFO - [get_col_index:65] - 列 '注文番号' の代わりに '注文番号(em310)' を検出しました。（3 列目）
2026-08-20 17:01:44,156 - INFO - [get_col_index:53] - 列 '足し算' を自動検出しました。（15 列目）
2026-08-20 17:01:44,156 - INFO - [load_data:110] - データ読み込み完了: 73行
2026-08-20 17:01:44,156 - INFO - [stage1_remove_exclude:113] - Stage 1: 更新除外データの削除を実行します。
2026-08-20 17:01:44,158 - INFO - [stage1_remove_exclude:129] - 更新除外データ（尾島様実作業分24件）を削除しました。(73 -> 48)
2026-08-20 17:01:44,281 - INFO - [save_temp:312] - [stage1] 中間データを保存しました: output\temp_stage1.xlsx
2026-08-20 17:01:44,281 - INFO - [stage2_remove_stock_order:133] - Stage 2: 取り寄せ品のキーワード除外を実行します。
2026-08-20 17:01:44,641 - INFO - [get_col_index:65] - 列 '品目cd' の代わりに '品目cd(em310)' を検出しました。（2 列目）
2026-08-20 17:01:44,645 - INFO - [stage2_remove_stock_order:175] - 取り寄せ品の「【お取り寄せ】」キーワード除外を 8 件実施しました。
2026-08-20 17:01:44,713 - INFO - [save_temp:312] - [stage2] 中間データを保存しました: output\temp_stage2.xlsx
2026-08-20 17:01:44,713 - INFO - [stage3_remove_medicine:183] - Stage 3: 医薬品の除外を実行します。
2026-08-20 17:01:44,720 - INFO - [get_col_index:65] - 列 '品目大分類cd' の代わりに '品目大分類cd(em160)' を検出しました。（22 列目）
2026-08-20 17:01:44,722 - INFO - [stage3_remove_medicine:189] - 医薬品を除外しました。(48 -> 40)
2026-08-20 17:01:44,789 - INFO - [save_temp:312] - [stage3] 中間データを保存しました: output\temp_stage3.xlsx
2026-08-20 17:16:51,822 - INFO - [load_data:88] - 設定ファイルと各種データを読み込んでいます...
2026-08-20 17:16:52,166 - INFO - [get_col_index:65] - 列 '注文番号' の代わりに '注文番号(em310)' を検出しました。（3 列目）
2026-08-20 17:16:52,166 - INFO - [get_col_index:53] - 列 '足し算' を自動検出しました。（15 列目）
2026-08-20 17:16:52,166 - INFO - [load_data:110] - データ読み込み完了: 73行
2026-08-20 17:16:54,918 - INFO - [stage1_remove_exclude:113] - Stage 1: 更新除外データの削除を実行します。
2026-08-20 17:16:54,918 - INFO - [stage1_remove_exclude:129] - 更新除外データ（尾島様実作業分24件）を削除しました。(73 -> 48)
2026-08-20 17:16:55,052 - INFO - [save_temp:312] - [stage1] 中間データを保存しました: output\temp_stage1.xlsx
2026-08-20 17:20:16,899 - INFO - [load_data:88] - 設定ファイルと各種データを読み込んでいます...
2026-08-20 17:20:17,258 - INFO - [get_col_index:65] - 列 '注文番号' の代わりに '注文番号(em310)' を検出しました。（3 列目）
2026-08-20 17:20:17,260 - INFO - [get_col_index:53] - 列 '足し算' を自動検出しました。（15 列目）
2026-08-20 17:20:17,260 - INFO - [load_data:110] - データ読み込み完了: 73行
2026-08-20 17:20:19,870 - INFO - [stage1_remove_exclude:113] - Stage 1: 更新除外データの削除を実行します。
2026-08-20 17:20:19,870 - INFO - [stage1_remove_exclude:129] - 更新除外データ（尾島様実作業分24件）を削除しました。(73 -> 48)
2026-08-20 17:20:20,014 - INFO - [save_temp:312] - [stage1] 中間データを保存しました: output\temp_stage1.xlsx
2026-08-20 17:33:34,641 - INFO - [load_data:88] - 設定ファイルと各種データを読み込んでいます...
2026-08-20 17:33:34,985 - INFO - [get_col_index:65] - 列 '注文番号' の代わりに '注文番号(em310)' を検出しました。（3 列目）
2026-08-20 17:33:34,985 - INFO - [get_col_index:53] - 列 '足し算' を自動検出しました。（15 列目）
2026-08-20 17:33:34,985 - INFO - [load_data:110] - データ読み込み完了: 73行
2026-08-20 17:33:38,384 - INFO - [stage1_remove_exclude:113] - Stage 1: 更新除外データの削除を実行します。
2026-08-20 17:33:38,386 - INFO - [stage1_remove_exclude:129] - 更新除外データ（尾島様実作業分24件）を削除しました。(73 -> 48)
2026-08-20 17:33:38,502 - INFO - [save_temp:312] - [stage1] 中間データを保存しました: output\temp_stage1.xlsx
2026-08-20 17:33:38,858 - ERROR - [_post_run_stage:391] - 差分チェックエラー: [Errno 13] Permission denied: 'output\\diff_stage1.xlsx'
2026-08-20 17:33:40,954 - INFO - [stage2_remove_stock_order:133] - Stage 2: 取り寄せ品のキーワード除外を実行します。
2026-08-20 17:33:41,347 - INFO - [get_col_index:65] - 列 '品目cd' の代わりに '品目cd(em310)' を検出しました。（2 列目）
2026-08-20 17:33:41,347 - INFO - [stage2_remove_stock_order:175] - 取り寄せ品の「【お取り寄せ】」キーワード除外を 8 件実施しました。
2026-08-20 17:33:41,420 - INFO - [save_temp:312] - [stage2] 中間データを保存しました: output\temp_stage2.xlsx
2026-08-20 17:33:43,464 - INFO - [stage3_remove_medicine:183] - Stage 3: 医薬品の除外を実行します。
2026-08-20 17:33:43,468 - INFO - [get_col_index:65] - 列 '品目大分類cd' の代わりに '品目大分類cd(em160)' を検出しました。（22 列目）
2026-08-20 17:33:43,469 - INFO - [stage3_remove_medicine:189] - 医薬品を除外しました。(48 -> 40)
2026-08-20 17:33:43,529 - INFO - [save_temp:312] - [stage3] 中間データを保存しました: output\temp_stage3.xlsx
2026-08-20 17:33:46,626 - INFO - [stage4_remove_specific_string:193] - Stage 4: 特定文字列の削除を実行します。
2026-08-20 17:33:46,687 - INFO - [save_temp:312] - [stage4] 中間データを保存しました: output\temp_stage4.xlsx
2026-08-20 17:33:48,641 - INFO - [stage5_add_free_shipping:207] - Stage 5: 送料無料の付与を実行します。
2026-08-20 17:33:49,387 - WARNING - [get_col_index:68] - 列 '注文番号' が見つからないため、固定位置 3 列目を使用します。
2026-08-20 17:33:49,387 - INFO - [get_col_index:53] - 列 '倉庫cd' を自動検出しました。（5 列目）
2026-08-20 17:33:49,605 - INFO - [save_temp:312] - [stage5] 中間データを保存しました: output\temp_stage5.xlsx
2026-08-20 17:33:54,200 - INFO - [stage6_add_event_keyword:227] - Stage 6: イベント別キーワード付与を実行します。
2026-08-20 17:33:54,200 - INFO - [stage6_add_event_keyword:269] - イベント '目玉' 用データを抽出・キーワード(【マラソン最安値挑戦】)付与しました。(2件)
2026-08-20 17:33:54,217 - INFO - [stage6_add_event_keyword:269] - イベント 'その他' 用データを抽出・キーワード(【スーパーSALE★店内全品ポイント2倍★さらに2,000円クーポン発行中】)付与しました。(38件)
2026-08-20 17:33:54,285 - INFO - [save_temp:312] - [stage6] 中間データを保存しました: output\temp_stage6.xlsx
2026-08-20 17:33:56,559 - INFO - [stage7_truncate_bytes:278] - Stage 7: 文字数制限の調整を実行します。
2026-08-20 17:33:56,634 - INFO - [save_temp:312] - [stage7] 中間データを保存しました: output\temp_stage7.xlsx
2026-08-20 17:33:59,649 - INFO - [stage8_final_format:287] - Stage 8: 最終フォーマット調整を実行します。
2026-08-20 17:33:59,694 - INFO - [stage8_final_format:307] - 最終ファイルを出力しました: normal-item_rc目玉.xlsx (2件)
2026-08-20 17:33:59,734 - INFO - [stage8_final_format:307] - 最終ファイルを出力しました: normal-item_rcその他.xlsx (38件)
2026-08-20 17:36:34,311 - INFO - [load_data:88] - 設定ファイルと各種データを読み込んでいます...
2026-08-20 17:36:34,312 - WARNING - [load_data:92] - JSONファイルが未指定、または見つかりません。デフォルト設定で進行します。
2026-08-20 17:36:34,650 - INFO - [get_col_index:65] - 列 '注文番号' の代わりに '注文番号(em310)' を検出しました。（3 列目）
2026-08-20 17:36:34,650 - INFO - [get_col_index:53] - 列 '足し算' を自動検出しました。（15 列目）
2026-08-20 17:36:34,650 - INFO - [load_data:110] - データ読み込み完了: 73行
2026-08-20 17:36:40,069 - INFO - [stage1_remove_exclude:113] - Stage 1: 更新除外データの削除を実行します。
2026-08-20 17:36:40,085 - INFO - [stage1_remove_exclude:129] - 更新除外データ（尾島様実作業分24件）を削除しました。(73 -> 48)
2026-08-20 17:36:40,221 - INFO - [save_temp:312] - [stage1] 中間データを保存しました: output\temp_stage1.xlsx
2026-08-20 17:37:47,211 - INFO - [stage2_remove_stock_order:133] - Stage 2: 取り寄せ品のキーワード除外を実行します。
2026-08-20 17:37:47,620 - INFO - [get_col_index:65] - 列 '品目cd' の代わりに '品目cd(em310)' を検出しました。（2 列目）
2026-08-20 17:37:47,620 - INFO - [stage2_remove_stock_order:175] - 取り寄せ品の「【お取り寄せ】」キーワード除外を 8 件実施しました。
2026-08-20 17:37:47,681 - INFO - [save_temp:312] - [stage2] 中間データを保存しました: output\temp_stage2.xlsx
2026-08-20 17:42:01,893 - INFO - [load_data:88] - 設定ファイルと各種データを読み込んでいます...
2026-08-20 17:42:01,893 - WARNING - [load_data:92] - JSONファイルが未指定、または見つかりません。デフォルト設定で進行します。
2026-08-20 17:42:02,219 - INFO - [get_col_index:65] - 列 '注文番号' の代わりに '注文番号(em310)' を検出しました。（3 列目）
2026-08-20 17:42:02,219 - INFO - [get_col_index:53] - 列 '足し算' を自動検出しました。（15 列目）
2026-08-20 17:42:02,219 - INFO - [load_data:110] - データ読み込み完了: 73行
2026-08-20 17:42:04,257 - INFO - [stage1_remove_exclude:113] - Stage 1: 更新除外データの削除を実行します。
2026-08-20 17:42:04,268 - INFO - [stage1_remove_exclude:129] - 更新除外データ（尾島様実作業分24件）を削除しました。(73 -> 48)
2026-08-20 17:42:04,389 - INFO - [save_temp:312] - [stage1] 中間データを保存しました: output\temp_stage1.xlsx
2026-08-20 17:45:49,843 - INFO - [stage2_remove_stock_order:133] - Stage 2: 取り寄せ品のキーワード除外を実行します。
2026-08-20 17:45:50,246 - INFO - [get_col_index:65] - 列 '品目cd' の代わりに '品目cd(em310)' を検出しました。（2 列目）
2026-08-20 17:45:50,250 - INFO - [stage2_remove_stock_order:175] - 取り寄せ品の「【お取り寄せ】」キーワード除外を 8 件実施しました。
2026-08-20 17:45:50,310 - INFO - [save_temp:312] - [stage2] 中間データを保存しました: output\temp_stage2.xlsx
2026-08-20 18:06:38,701 - INFO - [load_data:88] - 設定ファイルと各種データを読み込んでいます...
2026-08-20 18:06:38,701 - WARNING - [load_data:92] - JSONファイルが未指定、または見つかりません。デフォルト設定で進行します。
2026-08-20 18:06:39,088 - INFO - [get_col_index:65] - 列 '注文番号' の代わりに '注文番号(em310)' を検出しました。（3 列目）
2026-08-20 18:06:39,089 - INFO - [get_col_index:53] - 列 '足し算' を自動検出しました。（15 列目）
2026-08-20 18:06:39,090 - INFO - [load_data:110] - データ読み込み完了: 73行
2026-08-20 18:06:42,600 - INFO - [stage1_remove_exclude:113] - Stage 1: 更新除外データの削除を実行します。
2026-08-20 18:06:42,604 - INFO - [stage1_remove_exclude:129] - 更新除外データ（尾島様実作業分24件）を削除しました。(73 -> 48)
2026-08-20 18:06:42,725 - INFO - [save_temp:312] - [stage1] 中間データを保存しました: output\temp_stage1.xlsx
2026-08-20 18:06:57,165 - INFO - [stage2_remove_stock_order:133] - Stage 2: 取り寄せ品のキーワード除外を実行します。
2026-08-20 18:06:57,552 - INFO - [get_col_index:65] - 列 '品目cd' の代わりに '品目cd(em310)' を検出しました。（2 列目）
2026-08-20 18:06:57,552 - INFO - [stage2_remove_stock_order:175] - 取り寄せ品の「【お取り寄せ】」キーワード除外を 8 件実施しました。
2026-08-20 18:06:57,624 - INFO - [save_temp:312] - [stage2] 中間データを保存しました: output\temp_stage2.xlsx
2026-08-20 18:06:57,760 - ERROR - [_post_run_stage:391] - 差分チェックエラー: [Errno 13] Permission denied: 'output\\diff_stage2.xlsx'
2026-08-20 18:07:13,881 - INFO - [stage3_remove_medicine:183] - Stage 3: 医薬品の除外を実行します。
2026-08-20 18:07:13,881 - INFO - [get_col_index:65] - 列 '品目大分類cd' の代わりに '品目大分類cd(em160)' を検出しました。（22 列目）
2026-08-20 18:07:13,881 - INFO - [stage3_remove_medicine:189] - 医薬品を除外しました。(48 -> 40)
2026-08-20 18:07:13,942 - INFO - [save_temp:312] - [stage3] 中間データを保存しました: output\temp_stage3.xlsx
2026-08-20 18:07:27,131 - INFO - [stage4_remove_specific_string:193] - Stage 4: 特定文字列の削除を実行します。
2026-08-20 18:07:27,199 - INFO - [save_temp:312] - [stage4] 中間データを保存しました: output\temp_stage4.xlsx
2026-08-20 18:07:43,411 - INFO - [stage5_add_free_shipping:207] - Stage 5: 送料無料の付与を実行します。
2026-08-20 18:07:44,102 - WARNING - [get_col_index:68] - 列 '注文番号' が見つからないため、固定位置 3 列目を使用します。
2026-08-20 18:07:44,102 - INFO - [get_col_index:53] - 列 '倉庫cd' を自動検出しました。（5 列目）
2026-08-20 18:07:44,304 - INFO - [save_temp:312] - [stage5] 中間データを保存しました: output\temp_stage5.xlsx
2026-08-20 18:08:00,449 - INFO - [stage6_add_event_keyword:227] - Stage 6: イベント別キーワード付与を実行します。
2026-08-20 18:08:00,454 - INFO - [stage6_add_event_keyword:269] - イベント '目玉' 用データを抽出・キーワード(【マラソン最安値挑戦】)付与しました。(2件)
2026-08-20 18:08:00,466 - INFO - [stage6_add_event_keyword:269] - イベント 'その他' 用データを抽出・キーワード(【スーパーSALE★店内全品ポイント2倍★さらに2,000円クーポン発行中】)付与しました。(38件)
2026-08-20 18:08:00,526 - INFO - [save_temp:312] - [stage6] 中間データを保存しました: output\temp_stage6.xlsx
2026-08-20 18:08:29,141 - INFO - [stage7_truncate_bytes:278] - Stage 7: 文字数制限の調整を実行します。
2026-08-20 18:08:29,239 - INFO - [save_temp:312] - [stage7] 中間データを保存しました: output\temp_stage7.xlsx
2026-08-20 18:08:32,392 - INFO - [stage8_final_format:287] - Stage 8: 最終フォーマット調整を実行します。
2026-08-20 18:08:32,463 - INFO - [stage8_final_format:307] - 最終ファイルを出力しました: normal-item_rc目玉.xlsx (2件)
2026-08-20 18:08:32,504 - INFO - [stage8_final_format:307] - 最終ファイルを出力しました: normal-item_rcその他.xlsx (38件)
2026-08-20 18:33:30,049 - INFO - [load_data:88] - 設定ファイルと各種データを読み込んでいます...
2026-08-20 18:33:30,049 - WARNING - [load_data:92] - JSONファイルが未指定、または見つかりません。デフォルト設定で進行します。
2026-08-20 18:33:30,413 - INFO - [get_col_index:65] - 列 '注文番号' の代わりに '注文番号(em310)' を検出しました。（3 列目）
2026-08-20 18:33:30,413 - INFO - [get_col_index:53] - 列 '足し算' を自動検出しました。（15 列目）
2026-08-20 18:33:30,414 - INFO - [load_data:110] - データ読み込み完了: 73行
2026-08-20 18:33:35,218 - INFO - [stage1_remove_exclude:113] - Stage 1: 更新除外データの削除を実行します。
2026-08-20 18:33:35,222 - INFO - [stage1_remove_exclude:129] - 更新除外データ（尾島様実作業分24件）を削除しました。(73 -> 48)
2026-08-20 18:33:35,350 - INFO - [save_temp:312] - [stage1] 中間データを保存しました: output\temp_stage1.xlsx
2026-08-20 18:33:43,050 - INFO - [stage2_remove_stock_order:133] - Stage 2: 取り寄せ品のキーワード除外を実行します。
2026-08-20 18:33:43,514 - INFO - [get_col_index:65] - 列 '品目cd' の代わりに '品目cd(em310)' を検出しました。（2 列目）
2026-08-20 18:33:43,517 - INFO - [stage2_remove_stock_order:175] - 取り寄せ品の「【お取り寄せ】」キーワード除外を 8 件実施しました。
2026-08-20 18:33:43,591 - INFO - [save_temp:312] - [stage2] 中間データを保存しました: output\temp_stage2.xlsx
2026-08-20 18:33:43,848 - ERROR - [_post_run_stage:391] - 差分チェックエラー: [Errno 13] Permission denied: 'output\\diff_stage2.xlsx'
2026-08-20 18:33:47,730 - INFO - [stage3_remove_medicine:183] - Stage 3: 医薬品の除外を実行します。
2026-08-20 18:33:47,730 - INFO - [get_col_index:65] - 列 '品目大分類cd' の代わりに '品目大分類cd(em160)' を検出しました。（22 列目）
2026-08-20 18:33:47,732 - INFO - [stage3_remove_medicine:189] - 医薬品を除外しました。(48 -> 40)
2026-08-20 18:33:47,816 - INFO - [save_temp:312] - [stage3] 中間データを保存しました: output\temp_stage3.xlsx
2026-08-20 18:34:27,158 - INFO - [stage4_remove_specific_string:193] - Stage 4: 特定文字列の削除を実行します。
2026-08-20 18:34:27,214 - INFO - [save_temp:312] - [stage4] 中間データを保存しました: output\temp_stage4.xlsx
2026-08-20 18:34:31,806 - INFO - [stage5_add_free_shipping:207] - Stage 5: 送料無料の付与を実行します。
2026-08-20 18:34:32,467 - WARNING - [get_col_index:68] - 列 '注文番号' が見つからないため、固定位置 3 列目を使用します。
2026-08-20 18:34:32,468 - INFO - [get_col_index:53] - 列 '倉庫cd' を自動検出しました。（5 列目）
2026-08-20 18:34:32,671 - INFO - [save_temp:312] - [stage5] 中間データを保存しました: output\temp_stage5.xlsx
2026-08-20 18:34:39,526 - INFO - [stage6_add_event_keyword:227] - Stage 6: イベント別キーワード付与を実行します。
2026-08-20 18:34:39,536 - INFO - [stage6_add_event_keyword:269] - イベント '目玉' 用データを抽出・キーワード(【マラソン最安値挑戦】)付与しました。(2件)
2026-08-20 18:34:39,542 - INFO - [stage6_add_event_keyword:269] - イベント 'その他' 用データを抽出・キーワード(【スーパーSALE★店内全品ポイント2倍★さらに2,000円クーポン発行中】)付与しました。(38件)
2026-08-20 18:34:39,595 - INFO - [save_temp:312] - [stage6] 中間データを保存しました: output\temp_stage6.xlsx
2026-08-20 18:34:46,304 - INFO - [stage7_truncate_bytes:278] - Stage 7: 文字数制限の調整を実行します。
2026-08-20 18:34:46,362 - INFO - [save_temp:312] - [stage7] 中間データを保存しました: output\temp_stage7.xlsx
2026-08-20 18:34:48,870 - INFO - [stage8_final_format:287] - Stage 8: 最終フォーマット調整を実行します。
2026-08-20 18:34:48,912 - INFO - [stage8_final_format:307] - 最終ファイルを出力しました: normal-item_rc目玉.xlsx (2件)
2026-08-20 18:34:48,949 - INFO - [stage8_final_format:307] - 最終ファイルを出力しました: normal-item_rcその他.xlsx (38件)
2026-08-21 13:35:01,019 - INFO - [load_data:88] - 設定ファイルと各種データを読み込んでいます...
2026-08-21 13:35:01,019 - WARNING - [load_data:92] - JSONファイルが未指定、または見つかりません。デフォルト設定で進行します。
2026-08-21 13:35:01,361 - INFO - [get_col_index:65] - 列 '注文番号' の代わりに '注文番号(em310)' を検出しました。（3 列目）
2026-08-21 13:35:01,361 - INFO - [get_col_index:53] - 列 '足し算' を自動検出しました。（15 列目）
2026-08-21 13:35:01,361 - INFO - [load_data:110] - データ読み込み完了: 73行
2026-08-21 13:35:08,000 - INFO - [stage1_remove_exclude:113] - Stage 1: 更新除外データの削除を実行します。
2026-08-21 13:35:08,014 - INFO - [stage1_remove_exclude:129] - 更新除外データ（尾島様実作業分24件）を削除しました。(73 -> 48)
2026-08-21 13:35:08,269 - INFO - [save_temp:312] - [stage1] 中間データを保存しました: output\temp_stage1.xlsx
2026-08-21 13:35:16,506 - INFO - [stage2_remove_stock_order:133] - Stage 2: 取り寄せ品のキーワード除外を実行します。
2026-08-21 13:35:16,907 - INFO - [get_col_index:65] - 列 '品目cd' の代わりに '品目cd(em310)' を検出しました。（2 列目）
2026-08-21 13:35:16,909 - INFO - [stage2_remove_stock_order:175] - 取り寄せ品の「【お取り寄せ】」キーワード除外を 8 件実施しました。
2026-08-21 13:35:16,973 - INFO - [save_temp:312] - [stage2] 中間データを保存しました: output\temp_stage2.xlsx
2026-08-21 13:35:16,973 - INFO - [stage3_remove_medicine:183] - Stage 3: 医薬品の除外を実行します。
2026-08-21 13:35:16,973 - INFO - [get_col_index:65] - 列 '品目大分類cd' の代わりに '品目大分類cd(em160)' を検出しました。（22 列目）
2026-08-21 13:35:16,976 - INFO - [stage3_remove_medicine:189] - 医薬品を除外しました。(48 -> 40)
2026-08-21 13:35:17,037 - INFO - [save_temp:312] - [stage3] 中間データを保存しました: output\temp_stage3.xlsx
2026-08-21 13:35:17,037 - INFO - [stage4_remove_specific_string:193] - Stage 4: 特定文字列の削除を実行します。
2026-08-21 13:35:17,093 - INFO - [save_temp:312] - [stage4] 中間データを保存しました: output\temp_stage4.xlsx
2026-08-21 13:35:21,652 - INFO - [stage5_add_free_shipping:207] - Stage 5: 送料無料の付与を実行します。
2026-08-21 13:35:22,309 - WARNING - [get_col_index:68] - 列 '注文番号' が見つからないため、固定位置 3 列目を使用します。
2026-08-21 13:35:22,309 - INFO - [get_col_index:53] - 列 '倉庫cd' を自動検出しました。（5 列目）
2026-08-21 13:35:22,535 - INFO - [save_temp:312] - [stage5] 中間データを保存しました: output\temp_stage5.xlsx
2026-08-21 13:35:26,622 - INFO - [stage6_add_event_keyword:227] - Stage 6: イベント別キーワード付与を実行します。
2026-08-21 13:35:26,622 - INFO - [stage6_add_event_keyword:269] - イベント '目玉' 用データを抽出・キーワード(【マラソン最安値挑戦】)付与しました。(2件)
2026-08-21 13:35:26,639 - INFO - [stage6_add_event_keyword:269] - イベント 'その他' 用データを抽出・キーワード(【スーパーSALE★店内全品ポイント2倍★さらに2,000円クーポン発行中】)付与しました。(38件)
2026-08-21 13:35:26,700 - INFO - [save_temp:312] - [stage6] 中間データを保存しました: output\temp_stage6.xlsx
2026-08-21 13:35:30,430 - INFO - [stage7_truncate_bytes:278] - Stage 7: 文字数制限の調整を実行します。
2026-08-21 13:35:30,502 - INFO - [save_temp:312] - [stage7] 中間データを保存しました: output\temp_stage7.xlsx
2026-08-21 13:35:30,502 - INFO - [stage8_final_format:287] - Stage 8: 最終フォーマット調整を実行します。
2026-08-21 13:35:30,543 - INFO - [stage8_final_format:307] - 最終ファイルを出力しました: normal-item_rc目玉.xlsx (2件)
2026-08-21 13:35:30,582 - INFO - [stage8_final_format:307] - 最終ファイルを出力しました: normal-item_rcその他.xlsx (38件)
2026-08-21 13:56:52,764 - INFO - [load_data:88] - 設定ファイルと各種データを読み込んでいます...
2026-08-21 13:56:52,764 - WARNING - [load_data:92] - JSONファイルが未指定、または見つかりません。デフォルト設定で進行します。
2026-08-21 13:56:53,122 - INFO - [get_col_index:65] - 列 '注文番号' の代わりに '注文番号(em310)' を検出しました。（3 列目）
2026-08-21 13:56:53,124 - INFO - [get_col_index:53] - 列 '足し算' を自動検出しました。（15 列目）
2026-08-21 13:56:53,124 - INFO - [load_data:110] - データ読み込み完了: 73行
2026-08-21 13:56:54,249 - INFO - [stage1_remove_exclude:113] - Stage 1: 更新除外データの削除を実行します。
2026-08-21 13:56:54,264 - INFO - [stage1_remove_exclude:129] - 更新除外データ（尾島様実作業分24件）を削除しました。(73 -> 48)
2026-08-21 13:56:54,484 - INFO - [save_temp:323] - [stage1] 中間データを保存しました: output\temp_stage1.xlsx
2026-08-21 13:56:55,501 - INFO - [stage2_remove_stock_order:133] - Stage 2: 取り寄せ品のキーワード除外を実行します。
2026-08-21 13:56:55,600 - INFO - [get_col_index:65] - 列 '品目cd' の代わりに '品目cd(em310)' を検出しました。（2 列目）
2026-08-21 13:56:55,603 - INFO - [stage2_remove_stock_order:175] - 取り寄せ品の「【お取り寄せ】」キーワード除外を 0 件実施しました。
2026-08-21 13:56:55,664 - INFO - [save_temp:323] - [stage2] 中間データを保存しました: output\temp_stage2.xlsx
2026-08-21 13:56:55,665 - INFO - [stage3_remove_medicine:183] - Stage 3: 医薬品の除外を実行します。
2026-08-21 13:56:55,665 - INFO - [get_col_index:65] - 列 '品目大分類cd' の代わりに '品目大分類cd(em160)' を検出しました。（22 列目）
2026-08-21 13:56:55,666 - INFO - [stage3_remove_medicine:189] - 医薬品を除外しました。(48 -> 40)
2026-08-21 13:56:55,726 - INFO - [save_temp:323] - [stage3] 中間データを保存しました: output\temp_stage3.xlsx
2026-08-21 13:56:55,726 - INFO - [stage4_remove_specific_string:193] - Stage 4: 特定文字列の削除を実行します。
2026-08-21 13:56:55,792 - INFO - [save_temp:323] - [stage4] 中間データを保存しました: output\temp_stage4.xlsx
2026-08-21 13:56:56,559 - INFO - [stage5_add_free_shipping:207] - Stage 5: 送料無料の付与を実行します。
2026-08-21 13:56:57,244 - WARNING - [get_col_index:68] - 列 '注文番号' が見つからないため、固定位置 3 列目を使用します。
2026-08-21 13:56:57,244 - INFO - [get_col_index:53] - 列 '倉庫cd' を自動検出しました。（5 列目）
2026-08-21 13:56:57,490 - INFO - [save_temp:323] - [stage5] 中間データを保存しました: output\temp_stage5.xlsx
2026-08-21 13:56:58,158 - INFO - [stage6_add_event_keyword:227] - Stage 6: イベント別キーワード付与を実行します。
2026-08-21 13:56:58,186 - INFO - [stage6_add_event_keyword:266] - イベント '目玉' 用データを抽出・キーワード(【マラソン最安値挑戦】)付与しました。(2件)
2026-08-21 13:56:58,198 - INFO - [stage6_add_event_keyword:266] - イベント 'その他' 用データを抽出・キーワード(【スーパーSALE★店内全品ポイント2倍★さらに2,000円クーポン発行中】)付与しました。(38件)
2026-08-21 13:56:58,306 - INFO - [save_temp:323] - [stage6] 中間データを保存しました: output\temp_stage6.xlsx
2026-08-21 13:57:00,723 - INFO - [stage7_truncate_bytes:285] - Stage 7: 文字数制限の調整を実行します。
2026-08-21 13:57:00,783 - INFO - [save_temp:323] - [stage7] 中間データを保存しました: output\temp_stage7.xlsx
2026-08-21 13:57:00,785 - INFO - [stage8_final_format:298] - Stage 8: 最終フォーマット調整を実行します。
2026-08-21 14:02:36,034 - INFO - [stage7_truncate_bytes:285] - Stage 7: 文字数制限の調整を実行します。
2026-08-21 14:02:36,108 - INFO - [save_temp:323] - [stage7] 中間データを保存しました: output\temp_stage7.xlsx
2026-08-21 14:02:36,108 - INFO - [stage8_final_format:298] - Stage 8: 最終フォーマット調整を実行します。
2026-08-21 14:02:36,147 - INFO - [stage8_final_format:318] - 最終ファイルを出力しました: normal-item_rc目玉.xlsx (2件)
2026-08-21 14:02:36,189 - INFO - [stage8_final_format:318] - 最終ファイルを出力しました: normal-item_rcその他.xlsx (38件)
2026-08-21 17:13:11,472 - INFO - [load_data:88] - 設定ファイルと各種データを読み込んでいます...
2026-08-21 17:13:11,472 - WARNING - [load_data:92] - JSONファイルが未指定、または見つかりません。デフォルト設定で進行します。
2026-08-21 17:13:12,153 - INFO - [get_col_index:65] - 列 '注文番号' の代わりに '注文番号(em310)' を検出しました。（3 列目）
2026-08-21 17:13:12,153 - INFO - [get_col_index:53] - 列 '足し算' を自動検出しました。（15 列目）
2026-08-21 17:13:12,153 - INFO - [load_data:110] - データ読み込み完了: 73行
2026-08-21 17:13:12,217 - ERROR - [_update_preview:292] - プレビュー更新エラー: name 'pd' is not defined
2026-08-21 17:13:15,234 - INFO - [stage1_remove_exclude:113] - Stage 1: 更新除外データの削除を実行します。
2026-08-21 17:13:15,236 - INFO - [stage1_remove_exclude:129] - 更新除外データ（尾島様実作業分24件）を削除しました。(73 -> 48)
2026-08-21 17:13:15,510 - INFO - [save_temp:323] - [stage1] 中間データを保存しました: output\temp_stage1.xlsx
2026-08-21 17:13:15,843 - ERROR - [_update_preview:292] - プレビュー更新エラー: name 'pd' is not defined
2026-08-21 17:13:28,328 - INFO - [stage2_remove_stock_order:133] - Stage 2: 取り寄せ品のキーワード除外を実行します。
2026-08-21 17:13:28,910 - INFO - [get_col_index:65] - 列 '品目cd' の代わりに '品目cd(em310)' を検出しました。（2 列目）
2026-08-21 17:13:28,914 - INFO - [stage2_remove_stock_order:175] - 取り寄せ品の「【お取り寄せ】」キーワード除外を 8 件実施しました。
2026-08-21 17:13:28,989 - INFO - [save_temp:323] - [stage2] 中間データを保存しました: output\temp_stage2.xlsx
2026-08-21 17:13:28,989 - INFO - [stage3_remove_medicine:183] - Stage 3: 医薬品の除外を実行します。
2026-08-21 17:13:28,990 - INFO - [get_col_index:65] - 列 '品目大分類cd' の代わりに '品目大分類cd(em160)' を検出しました。（22 列目）
2026-08-21 17:13:28,991 - INFO - [stage3_remove_medicine:189] - 医薬品を除外しました。(48 -> 40)
2026-08-21 17:13:29,050 - INFO - [save_temp:323] - [stage3] 中間データを保存しました: output\temp_stage3.xlsx
2026-08-21 17:13:29,051 - INFO - [stage4_remove_specific_string:193] - Stage 4: 特定文字列の削除を実行します。
2026-08-21 17:13:29,119 - INFO - [save_temp:323] - [stage4] 中間データを保存しました: output\temp_stage4.xlsx
2026-08-21 17:13:29,332 - ERROR - [_update_preview:292] - プレビュー更新エラー: name 'pd' is not defined
2026-08-21 17:13:30,067 - INFO - [stage5_add_free_shipping:207] - Stage 5: 送料無料の付与を実行します。
2026-08-21 17:13:30,752 - WARNING - [get_col_index:68] - 列 '注文番号' が見つからないため、固定位置 3 列目を使用します。
2026-08-21 17:13:30,752 - INFO - [get_col_index:53] - 列 '倉庫cd' を自動検出しました。（5 列目）
2026-08-21 17:13:30,982 - INFO - [save_temp:323] - [stage5] 中間データを保存しました: output\temp_stage5.xlsx
2026-08-21 17:13:31,015 - ERROR - [_update_preview:292] - プレビュー更新エラー: name 'pd' is not defined
2026-08-21 17:13:31,647 - INFO - [stage6_add_event_keyword:227] - Stage 6: イベント別キーワード付与を実行します。
2026-08-21 17:13:31,651 - INFO - [stage6_add_event_keyword:266] - イベント '目玉' 用データを抽出・キーワード(【マラソン最安値挑戦】)付与しました。(2件)
2026-08-21 17:13:31,665 - INFO - [stage6_add_event_keyword:266] - イベント 'その他' 用データを抽出・キーワード(【スーパーSALE★店内全品ポイント2倍★さらに2,000円クーポン発行中】)付与しました。(38件)
2026-08-21 17:13:31,723 - INFO - [save_temp:323] - [stage6] 中間データを保存しました: output\temp_stage6.xlsx
2026-08-21 17:13:31,761 - ERROR - [_update_preview:292] - プレビュー更新エラー: name 'pd' is not defined
2026-08-21 17:13:33,715 - INFO - [stage7_truncate_bytes:285] - Stage 7: 文字数制限の調整を実行します。
2026-08-21 17:13:33,787 - INFO - [save_temp:323] - [stage7] 中間データを保存しました: output\temp_stage7.xlsx
2026-08-21 17:13:33,788 - INFO - [stage8_final_format:298] - Stage 8: 最終フォーマット調整を実行します。
2026-08-21 17:13:33,849 - INFO - [stage8_final_format:318] - 最終ファイルを出力しました: normal-item_rc目玉.xlsx (2件)
2026-08-21 17:13:33,890 - INFO - [stage8_final_format:318] - 最終ファイルを出力しました: normal-item_rcその他.xlsx (38件)
2026-08-21 17:13:34,122 - ERROR - [_update_preview:292] - プレビュー更新エラー: name 'pd' is not defined
2026-08-21 17:20:13,907 - INFO - [load_data:88] - 設定ファイルと各種データを読み込んでいます...
2026-08-21 17:20:13,908 - WARNING - [load_data:92] - JSONファイルが未指定、または見つかりません。デフォルト設定で進行します。
2026-08-21 17:20:14,249 - INFO - [get_col_index:65] - 列 '注文番号' の代わりに '注文番号(em310)' を検出しました。（3 列目）
2026-08-21 17:20:14,249 - INFO - [get_col_index:53] - 列 '足し算' を自動検出しました。（15 列目）
2026-08-21 17:20:14,249 - INFO - [load_data:110] - データ読み込み完了: 73行
2026-08-21 17:20:14,382 - ERROR - [_update_preview:313] - プレビュー更新エラー: name 'pd' is not defined
2026-08-21 17:21:55,136 - INFO - [load_data:88] - 設定ファイルと各種データを読み込んでいます...
2026-08-21 17:21:55,136 - WARNING - [load_data:92] - JSONファイルが未指定、または見つかりません。デフォルト設定で進行します。
2026-08-21 17:21:55,501 - INFO - [get_col_index:65] - 列 '注文番号' の代わりに '注文番号(em310)' を検出しました。（3 列目）
2026-08-21 17:21:55,501 - INFO - [get_col_index:53] - 列 '足し算' を自動検出しました。（15 列目）
2026-08-21 17:21:55,501 - INFO - [load_data:110] - データ読み込み完了: 73行
2026-08-21 17:22:42,099 - INFO - [stage1_remove_exclude:113] - Stage 1: 更新除外データの削除を実行します。
2026-08-21 17:22:42,099 - INFO - [stage1_remove_exclude:129] - 更新除外データ（尾島様実作業分24件）を削除しました。(73 -> 48)
2026-08-21 17:22:42,224 - INFO - [save_temp:323] - [stage1] 中間データを保存しました: output\temp_stage1.xlsx
2026-08-21 17:23:14,424 - INFO - [stage2_remove_stock_order:133] - Stage 2: 取り寄せ品のキーワード除外を実行します。
2026-08-21 17:23:14,861 - INFO - [get_col_index:65] - 列 '品目cd' の代わりに '品目cd(em310)' を検出しました。（2 列目）
2026-08-21 17:23:14,864 - INFO - [stage2_remove_stock_order:175] - 取り寄せ品の「【お取り寄せ】」キーワード除外を 8 件実施しました。
2026-08-21 17:23:14,934 - INFO - [save_temp:323] - [stage2] 中間データを保存しました: output\temp_stage2.xlsx
2026-08-21 17:23:14,936 - INFO - [stage3_remove_medicine:183] - Stage 3: 医薬品の除外を実行します。
2026-08-21 17:23:14,936 - INFO - [get_col_index:65] - 列 '品目大分類cd' の代わりに '品目大分類cd(em160)' を検出しました。（22 列目）
2026-08-21 17:23:14,937 - INFO - [stage3_remove_medicine:189] - 医薬品を除外しました。(48 -> 40)
2026-08-21 17:23:15,001 - INFO - [save_temp:323] - [stage3] 中間データを保存しました: output\temp_stage3.xlsx
2026-08-21 17:23:15,001 - INFO - [stage4_remove_specific_string:193] - Stage 4: 特定文字列の削除を実行します。
2026-08-21 17:23:15,078 - INFO - [save_temp:323] - [stage4] 中間データを保存しました: output\temp_stage4.xlsx
2026-08-21 17:23:21,243 - INFO - [stage5_add_free_shipping:207] - Stage 5: 送料無料の付与を実行します。
2026-08-21 17:23:21,966 - WARNING - [get_col_index:68] - 列 '注文番号' が見つからないため、固定位置 3 列目を使用します。
2026-08-21 17:23:21,966 - INFO - [get_col_index:53] - 列 '倉庫cd' を自動検出しました。（5 列目）
2026-08-21 17:23:22,199 - INFO - [save_temp:323] - [stage5] 中間データを保存しました: output\temp_stage5.xlsx
2026-08-21 17:23:28,736 - INFO - [stage6_add_event_keyword:227] - Stage 6: イベント別キーワード付与を実行します。
2026-08-21 17:23:28,736 - INFO - [stage6_add_event_keyword:266] - イベント '目玉' 用データを抽出・キーワード(【マラソン最安値挑戦】)付与しました。(2件)
2026-08-21 17:23:28,758 - INFO - [stage6_add_event_keyword:266] - イベント 'その他' 用データを抽出・キーワード(【スーパーSALE★店内全品ポイント2倍★さらに2,000円クーポン発行中】)付与しました。(38件)
2026-08-21 17:23:28,831 - INFO - [save_temp:323] - [stage6] 中間データを保存しました: output\temp_stage6.xlsx
2026-08-21 17:23:32,175 - INFO - [stage7_truncate_bytes:285] - Stage 7: 文字数制限の調整を実行します。
2026-08-21 17:23:32,242 - INFO - [save_temp:323] - [stage7] 中間データを保存しました: output\temp_stage7.xlsx
2026-08-21 17:23:32,243 - INFO - [stage8_final_format:298] - Stage 8: 最終フォーマット調整を実行します。
2026-08-21 17:23:32,279 - INFO - [stage8_final_format:318] - 最終ファイルを出力しました: normal-item_rc目玉.xlsx (2件)
2026-08-21 17:23:32,322 - INFO - [stage8_final_format:318] - 最終ファイルを出力しました: normal-item_rcその他.xlsx (38件)
