2026-08-20 11:55:13,140 - INFO - [load_data:72] - 設定ファイルと各種データを読み込んでいます...
2026-08-20 12:13:48,550 - INFO - [load_data:72] - 設定ファイルと各種データを読み込んでいます...
2026-08-20 12:13:48,550 - WARNING - [load_data:76] - JSONファイルが未指定、または見つかりません。デフォルト設定で進行します。
2026-08-20 12:13:49,359 - WARNING - [get_col_index:52] - 列 '注文番号' が見つからないため、固定位置 3 列目を使用します。
2026-08-20 12:13:49,359 - INFO - [get_col_index:49] - 列 '足し算' を自動検出しました。（15 列目）
2026-08-20 12:13:49,359 - INFO - [load_data:94] - データ読み込み完了: 73行
2026-08-20 13:06:31,337 - INFO - [load_data:72] - 設定ファイルと各種データを読み込んでいます...
2026-08-20 13:06:31,337 - WARNING - [load_data:76] - JSONファイルが未指定、または見つかりません。デフォルト設定で進行します。
2026-08-20 13:06:31,700 - WARNING - [get_col_index:52] - 列 '注文番号' が見つからないため、固定位置 3 列目を使用します。
2026-08-20 13:06:31,700 - INFO - [get_col_index:49] - 列 '足し算' を自動検出しました。（15 列目）
2026-08-20 13:06:31,700 - INFO - [load_data:94] - データ読み込み完了: 73行
2026-08-20 13:06:40,922 - INFO - [stage1_remove_exclude:97] - Stage 1: 更新除外データの削除を実行します。
2026-08-20 13:18:27,268 - INFO - [load_data:72] - 設定ファイルと各種データを読み込んでいます...
2026-08-20 13:18:27,270 - WARNING - [load_data:76] - JSONファイルが未指定、または見つかりません。デフォルト設定で進行します。
2026-08-20 13:18:27,659 - WARNING - [get_col_index:52] - 列 '注文番号' が見つからないため、固定位置 3 列目を使用します。
2026-08-20 13:18:27,660 - INFO - [get_col_index:49] - 列 '足し算' を自動検出しました。（15 列目）
2026-08-20 13:18:27,660 - INFO - [load_data:94] - データ読み込み完了: 73行
2026-08-20 13:18:30,942 - INFO - [stage1_remove_exclude:97] - Stage 1: 更新除外データの削除を実行します。
2026-08-20 13:30:42,810 - INFO - [load_data:72] - 設定ファイルと各種データを読み込んでいます...
2026-08-20 13:30:42,810 - WARNING - [load_data:76] - JSONファイルが未指定、または見つかりません。デフォルト設定で進行します。
2026-08-20 13:30:43,163 - WARNING - [get_col_index:52] - 列 '注文番号' が見つからないため、固定位置 3 列目を使用します。
2026-08-20 13:30:43,163 - INFO - [get_col_index:49] - 列 '足し算' を自動検出しました。（15 列目）
2026-08-20 13:30:43,163 - INFO - [load_data:94] - データ読み込み完了: 73行
2026-08-20 13:30:46,104 - INFO - [stage1_remove_exclude:97] - Stage 1: 更新除外データの削除を実行します。
2026-08-20 13:32:28,703 - INFO - [stage1_remove_exclude:97] - Stage 1: 更新除外データの削除を実行します。
2026-08-20 13:34:03,130 - INFO - [load_data:72] - 設定ファイルと各種データを読み込んでいます...
2026-08-20 13:34:03,144 - WARNING - [load_data:76] - JSONファイルが未指定、または見つかりません。デフォルト設定で進行します。
2026-08-20 13:34:03,490 - WARNING - [get_col_index:52] - 列 '注文番号' が見つからないため、固定位置 3 列目を使用します。
2026-08-20 13:34:03,490 - INFO - [get_col_index:49] - 列 '足し算' を自動検出しました。（15 列目）
2026-08-20 13:34:03,490 - INFO - [load_data:94] - データ読み込み完了: 73行
2026-08-20 13:34:06,221 - INFO - [stage1_remove_exclude:97] - Stage 1: 更新除外データの削除を実行します。
2026-08-20 13:34:06,255 - WARNING - [stage1_remove_exclude:107] - 指定されたファイルに「更新除外」シートが見つかりません。先頭のシートを使用して除外処理を試みます。
2026-08-20 13:34:06,309 - WARNING - [get_col_index:52] - 列 '品目cd' が見つからないため、固定位置 1 列目を使用します。
2026-08-20 13:34:06,310 - WARNING - [get_col_index:52] - 列 '注文番号' が見つからないため、固定位置 3 列目を使用します。
2026-08-20 13:34:06,310 - WARNING - [get_col_index:52] - 列 '品目cd' が見つからないため、固定位置 2 列目を使用します。
2026-08-20 13:34:06,314 - INFO - [stage1_remove_exclude:129] - 更新除外データを削除しました。(73 -> 73)
2026-08-20 13:34:06,588 - INFO - [save_temp:284] - [stage1] 中間データを保存しました: output\temp_stage1.xlsx
2026-08-20 13:38:35,723 - INFO - [stage2_remove_stock_order:133] - Stage 2: 取り寄せ品の除外を実行します。
2026-08-20 13:38:35,723 - WARNING - [stage2_remove_stock_order:135] - Stage 2用の取り寄せ品ファイルが指定されていないため、スキップします。
2026-08-20 13:38:35,810 - INFO - [save_temp:284] - [stage2] 中間データを保存しました: output\temp_stage2.xlsx
2026-08-20 14:10:28,463 - INFO - [load_data:72] - 設定ファイルと各種データを読み込んでいます...
2026-08-20 14:10:28,463 - WARNING - [load_data:76] - JSONファイルが未指定、または見つかりません。デフォルト設定で進行します。
2026-08-20 14:10:28,830 - WARNING - [get_col_index:52] - 列 '注文番号' が見つからないため、固定位置 3 列目を使用します。
2026-08-20 14:10:28,835 - INFO - [get_col_index:49] - 列 '足し算' を自動検出しました。（15 列目）
2026-08-20 14:10:28,835 - INFO - [load_data:94] - データ読み込み完了: 73行
2026-08-20 14:10:30,999 - INFO - [stage1_remove_exclude:97] - Stage 1: 更新除外データの削除を実行します。
2026-08-20 14:10:31,029 - WARNING - [stage1_remove_exclude:107] - 指定されたファイルに「更新除外」シートが見つかりません。先頭のシートを使用して除外処理を試みます。
2026-08-20 14:10:31,078 - WARNING - [get_col_index:52] - 列 '品目cd' が見つからないため、固定位置 1 列目を使用します。
2026-08-20 14:10:31,078 - WARNING - [get_col_index:52] - 列 '注文番号' が見つからないため、固定位置 3 列目を使用します。
2026-08-20 14:10:31,078 - WARNING - [get_col_index:52] - 列 '品目cd' が見つからないため、固定位置 2 列目を使用します。
2026-08-20 14:10:31,082 - INFO - [stage1_remove_exclude:129] - 更新除外データを削除しました。(73 -> 73)
2026-08-20 14:10:31,210 - INFO - [save_temp:286] - [stage1] 中間データを保存しました: output\temp_stage1.xlsx
2026-08-20 14:10:40,448 - INFO - [stage2_remove_stock_order:133] - Stage 2: 取り寄せ品の除外を実行します。
2026-08-20 14:10:40,448 - WARNING - [stage2_remove_stock_order:135] - Stage 2用の取り寄せ品ファイルが指定されていないため、スキップします。
2026-08-20 14:10:40,532 - INFO - [save_temp:286] - [stage2] 中間データを保存しました: output\temp_stage2.xlsx
2026-08-20 14:10:48,901 - INFO - [stage3_remove_medicine:164] - Stage 3: 医薬品の除外を実行します。
2026-08-20 14:10:48,901 - WARNING - [get_col_index:52] - 列 '品目大分類cd' が見つからないため、固定位置 32 列目を使用します。
2026-08-20 14:16:50,148 - INFO - [load_data:80] - 設定ファイルと各種データを読み込んでいます...
2026-08-20 14:16:50,149 - WARNING - [load_data:84] - JSONファイルが未指定、または見つかりません。デフォルト設定で進行します。
2026-08-20 14:16:50,477 - INFO - [get_col_index:57] - 列 '注文番号' の代わりに '注文番号(em310)' を検出しました。（3 列目）
2026-08-20 14:16:50,477 - INFO - [get_col_index:52] - 列 '足し算' を自動検出しました。（15 列目）
2026-08-20 14:16:50,477 - INFO - [load_data:102] - データ読み込み完了: 73行
2026-08-20 14:16:53,330 - INFO - [stage1_remove_exclude:105] - Stage 1: 更新除外データの削除を実行します。
2026-08-20 14:16:53,360 - WARNING - [stage1_remove_exclude:115] - 指定されたファイルに「更新除外」シートが見つかりません。先頭のシートを使用して除外処理を試みます。
2026-08-20 14:16:53,394 - INFO - [get_col_index:57] - 列 '品目cd' の代わりに '品目cd(em310)' を検出しました。（2 列目）
2026-08-20 14:16:53,394 - INFO - [get_col_index:57] - 列 '注文番号' の代わりに '注文番号(em310)' を検出しました。（3 列目）
2026-08-20 14:16:53,394 - INFO - [get_col_index:57] - 列 '品目cd' の代わりに '品目cd(em310)' を検出しました。（2 列目）
2026-08-20 14:16:53,411 - INFO - [stage1_remove_exclude:137] - 更新除外データを削除しました。(73 -> 0)
2026-08-20 14:16:53,505 - INFO - [save_temp:294] - [stage1] 中間データを保存しました: output\temp_stage1.xlsx
2026-08-20 14:16:56,200 - INFO - [stage2_remove_stock_order:141] - Stage 2: 取り寄せ品の除外を実行します。
2026-08-20 14:16:56,201 - WARNING - [stage2_remove_stock_order:143] - Stage 2用の取り寄せ品ファイルが指定されていないため、スキップします。
2026-08-20 14:16:56,244 - INFO - [save_temp:294] - [stage2] 中間データを保存しました: output\temp_stage2.xlsx
2026-08-20 14:16:59,778 - INFO - [stage3_remove_medicine:172] - Stage 3: 医薬品の除外を実行します。
2026-08-20 14:16:59,778 - INFO - [get_col_index:57] - 列 '品目大分類cd' の代わりに '品目大分類cd(em160)' を検出しました。（22 列目）
2026-08-20 14:16:59,779 - INFO - [stage3_remove_medicine:178] - 医薬品を除外しました。(0 -> 0)
2026-08-20 14:16:59,818 - INFO - [save_temp:294] - [stage3] 中間データを保存しました: output\temp_stage3.xlsx
2026-08-20 14:17:02,043 - INFO - [stage4_remove_specific_string:182] - Stage 4: 特定文字列の削除を実行します。
2026-08-20 14:17:02,084 - INFO - [save_temp:294] - [stage4] 中間データを保存しました: output\temp_stage4.xlsx
2026-08-20 14:17:03,878 - INFO - [stage5_add_free_shipping:189] - Stage 5: 送料無料の付与を実行します。
2026-08-20 14:17:03,878 - WARNING - [stage5_add_free_shipping:191] - Stage 5用の売価変更ファイルが指定されていないため、スキップします。
2026-08-20 14:17:03,931 - INFO - [save_temp:294] - [stage5] 中間データを保存しました: output\temp_stage5.xlsx
2026-08-20 14:17:06,750 - INFO - [stage6_add_event_keyword:209] - Stage 6: イベント別キーワード付与を実行します。
2026-08-20 14:17:06,769 - INFO - [stage6_add_event_keyword:237] - イベントシート '目玉' に該当するデータはありませんでした。
2026-08-20 14:17:06,774 - INFO - [stage6_add_event_keyword:237] - イベントシート 'その他' に該当するデータはありませんでした。
2026-08-20 14:17:06,835 - INFO - [save_temp:294] - [stage6] 中間データを保存しました: output\temp_stage6.xlsx
2026-08-20 14:17:08,098 - INFO - [stage7_truncate_bytes:260] - Stage 7: 文字数制限の調整を実行します。
2026-08-20 14:17:08,149 - INFO - [save_temp:294] - [stage7] 中間データを保存しました: output\temp_stage7.xlsx
2026-08-20 14:17:10,230 - INFO - [stage8_final_format:269] - Stage 8: 最終フォーマット調整を実行します。
2026-08-20 14:17:10,284 - INFO - [stage8_final_format:289] - 最終ファイルを出力しました: normal-item_rcその他.xlsx (0件)
